Archive member included to satisfy reference by file (symbol)

/usr/local/Cellar/arm-none-eabi-gcc/9-2019-q4-major/gcc/bin/../lib/gcc/arm-none-eabi/9.2.1/../../../../arm-none-eabi/lib/thumb/v7e-m+fp/hard/libc_nano.a(lib_a-exit.o)
                              /usr/local/Cellar/arm-none-eabi-gcc/9-2019-q4-major/gcc/bin/../lib/gcc/arm-none-eabi/9.2.1/../../../../arm-none-eabi/lib/thumb/v7e-m+fp/hard/crt0.o (exit)
/usr/local/Cellar/arm-none-eabi-gcc/9-2019-q4-major/gcc/bin/../lib/gcc/arm-none-eabi/9.2.1/../../../../arm-none-eabi/lib/thumb/v7e-m+fp/hard/libc_nano.a(lib_a-impure.o)
                              /usr/local/Cellar/arm-none-eabi-gcc/9-2019-q4-major/gcc/bin/../lib/gcc/arm-none-eabi/9.2.1/../../../../arm-none-eabi/lib/thumb/v7e-m+fp/hard/libc_nano.a(lib_a-exit.o) (_global_impure_ptr)
/usr/local/Cellar/arm-none-eabi-gcc/9-2019-q4-major/gcc/bin/../lib/gcc/arm-none-eabi/9.2.1/../../../../arm-none-eabi/lib/thumb/v7e-m+fp/hard/libc_nano.a(lib_a-init.o)
                              /usr/local/Cellar/arm-none-eabi-gcc/9-2019-q4-major/gcc/bin/../lib/gcc/arm-none-eabi/9.2.1/../../../../arm-none-eabi/lib/thumb/v7e-m+fp/hard/crt0.o (__libc_init_array)
/usr/local/Cellar/arm-none-eabi-gcc/9-2019-q4-major/gcc/bin/../lib/gcc/arm-none-eabi/9.2.1/../../../../arm-none-eabi/lib/thumb/v7e-m+fp/hard/libc_nano.a(lib_a-malloc.o)
                              build/usbd_cdc.o (malloc)
/usr/local/Cellar/arm-none-eabi-gcc/9-2019-q4-major/gcc/bin/../lib/gcc/arm-none-eabi/9.2.1/../../../../arm-none-eabi/lib/thumb/v7e-m+fp/hard/libc_nano.a(lib_a-memset.o)
                              /usr/local/Cellar/arm-none-eabi-gcc/9-2019-q4-major/gcc/bin/../lib/gcc/arm-none-eabi/9.2.1/../../../../arm-none-eabi/lib/thumb/v7e-m+fp/hard/crt0.o (memset)
/usr/local/Cellar/arm-none-eabi-gcc/9-2019-q4-major/gcc/bin/../lib/gcc/arm-none-eabi/9.2.1/../../../../arm-none-eabi/lib/thumb/v7e-m+fp/hard/libc_nano.a(lib_a-nano-freer.o)
                              /usr/local/Cellar/arm-none-eabi-gcc/9-2019-q4-major/gcc/bin/../lib/gcc/arm-none-eabi/9.2.1/../../../../arm-none-eabi/lib/thumb/v7e-m+fp/hard/libc_nano.a(lib_a-malloc.o) (_free_r)
/usr/local/Cellar/arm-none-eabi-gcc/9-2019-q4-major/gcc/bin/../lib/gcc/arm-none-eabi/9.2.1/../../../../arm-none-eabi/lib/thumb/v7e-m+fp/hard/libc_nano.a(lib_a-nano-mallocr.o)
                              /usr/local/Cellar/arm-none-eabi-gcc/9-2019-q4-major/gcc/bin/../lib/gcc/arm-none-eabi/9.2.1/../../../../arm-none-eabi/lib/thumb/v7e-m+fp/hard/libc_nano.a(lib_a-malloc.o) (_malloc_r)
/usr/local/Cellar/arm-none-eabi-gcc/9-2019-q4-major/gcc/bin/../lib/gcc/arm-none-eabi/9.2.1/../../../../arm-none-eabi/lib/thumb/v7e-m+fp/hard/libc_nano.a(lib_a-sbrkr.o)
                              /usr/local/Cellar/arm-none-eabi-gcc/9-2019-q4-major/gcc/bin/../lib/gcc/arm-none-eabi/9.2.1/../../../../arm-none-eabi/lib/thumb/v7e-m+fp/hard/libc_nano.a(lib_a-nano-mallocr.o) (_sbrk_r)
/usr/local/Cellar/arm-none-eabi-gcc/9-2019-q4-major/gcc/bin/../lib/gcc/arm-none-eabi/9.2.1/../../../../arm-none-eabi/lib/thumb/v7e-m+fp/hard/libc_nano.a(lib_a-mlock.o)
                              /usr/local/Cellar/arm-none-eabi-gcc/9-2019-q4-major/gcc/bin/../lib/gcc/arm-none-eabi/9.2.1/../../../../arm-none-eabi/lib/thumb/v7e-m+fp/hard/libc_nano.a(lib_a-nano-freer.o) (__malloc_lock)
/usr/local/Cellar/arm-none-eabi-gcc/9-2019-q4-major/gcc/bin/../lib/gcc/arm-none-eabi/9.2.1/../../../../arm-none-eabi/lib/thumb/v7e-m+fp/hard/libc_nano.a(lib_a-reent.o)
                              /usr/local/Cellar/arm-none-eabi-gcc/9-2019-q4-major/gcc/bin/../lib/gcc/arm-none-eabi/9.2.1/../../../../arm-none-eabi/lib/thumb/v7e-m+fp/hard/libc_nano.a(lib_a-sbrkr.o) (errno)
/usr/local/Cellar/arm-none-eabi-gcc/9-2019-q4-major/gcc/bin/../lib/gcc/arm-none-eabi/9.2.1/../../../../arm-none-eabi/lib/thumb/v7e-m+fp/hard/libc_nano.a(lib_a-lock.o)
                              /usr/local/Cellar/arm-none-eabi-gcc/9-2019-q4-major/gcc/bin/../lib/gcc/arm-none-eabi/9.2.1/../../../../arm-none-eabi/lib/thumb/v7e-m+fp/hard/libc_nano.a(lib_a-mlock.o) (__retarget_lock_acquire_recursive)
/usr/local/Cellar/arm-none-eabi-gcc/9-2019-q4-major/gcc/bin/../lib/gcc/arm-none-eabi/9.2.1/../../../../arm-none-eabi/lib/thumb/v7e-m+fp/hard/libnosys.a(sbrk.o)
                              /usr/local/Cellar/arm-none-eabi-gcc/9-2019-q4-major/gcc/bin/../lib/gcc/arm-none-eabi/9.2.1/../../../../arm-none-eabi/lib/thumb/v7e-m+fp/hard/libc_nano.a(lib_a-sbrkr.o) (_sbrk)
/usr/local/Cellar/arm-none-eabi-gcc/9-2019-q4-major/gcc/bin/../lib/gcc/arm-none-eabi/9.2.1/../../../../arm-none-eabi/lib/thumb/v7e-m+fp/hard/libnosys.a(_exit.o)
                              /usr/local/Cellar/arm-none-eabi-gcc/9-2019-q4-major/gcc/bin/../lib/gcc/arm-none-eabi/9.2.1/../../../../arm-none-eabi/lib/thumb/v7e-m+fp/hard/libc_nano.a(lib_a-exit.o) (_exit)
/usr/local/Cellar/arm-none-eabi-gcc/9-2019-q4-major/gcc/bin/../lib/gcc/arm-none-eabi/9.2.1/thumb/v7e-m+fp/hard/libgcc.a(_aeabi_uldivmod.o)
[...]
Memory Configuration

Name             Origin             Length             Attributes
RAM              0x0000000020000000 0x0000000000040000 xrw
FLASH            0x0000000008000000 0x0000000000100000 xr
*default*        0x0000000000000000 0xffffffffffffffff

Linker script and memory map

LOAD /usr/local/Cellar/arm-none-eabi-gcc/9-2019-q4-major/gcc/bin/../lib/gcc/arm-none-eabi/9.2.1/thumb/v7e-m+fp/hard/crti.o
LOAD /usr/local/Cellar/arm-none-eabi-gcc/9-2019-q4-major/gcc/bin/../lib/gcc/arm-none-eabi/9.2.1/thumb/v7e-m+fp/hard/crtbegin.o
LOAD /usr/local/Cellar/arm-none-eabi-gcc/9-2019-q4-major/gcc/bin/../lib/gcc/arm-none-eabi/9.2.1/../../../../arm-none-eabi/lib/thumb/v7e-m+fp/hard/crt0.o
LOAD build/main.o
LOAD build/syscalls.o
LOAD build/DigiLed.o
LOAD build/stm32f4xx_it.o
LOAD build/stm32f4xx_hal_msp.o
LOAD build/usb_device.o
LOAD build/usbd_desc.o
LOAD build/usbd_cdc_if.o
LOAD build/usbd_conf.o
LOAD build/stm32f4xx_hal_pcd.o
LOAD build/stm32f4xx_hal_pcd_ex.o
LOAD build/stm32f4xx_ll_usb.o
LOAD build/stm32f4xx_hal_rcc.o
LOAD build/stm32f4xx_hal_rcc_ex.o
LOAD build/stm32f4xx_hal_flash.o
LOAD build/stm32f4xx_hal_flash_ex.o
LOAD build/stm32f4xx_hal_flash_ramfunc.o
LOAD build/stm32f4xx_hal_gpio.o
LOAD build/stm32f4xx_hal_dma_ex.o
LOAD build/stm32f4xx_hal_dma.o
LOAD build/stm32f4xx_hal_pwr.o
LOAD build/stm32f4xx_hal_pwr_ex.o
LOAD build/stm32f4xx_hal_cortex.o
LOAD build/stm32f4xx_hal.o
LOAD build/stm32f4xx_hal_exti.o
LOAD build/stm32f4xx_hal_spi.o
LOAD build/stm32f4xx_hal_tim.o
LOAD build/stm32f4xx_hal_tim_ex.o
LOAD build/system_stm32f4xx.o
LOAD build/usbd_core.o
LOAD build/usbd_ctlreq.o
LOAD build/usbd_ioreq.o
LOAD build/usbd_cdc.o
LOAD build/gpio.o
LOAD build/spi.o
LOAD build/dma.o
LOAD build/startup_stm32f412zx.o
LOAD /usr/local/Cellar/arm-none-eabi-gcc/9-2019-q4-major/gcc/bin/../lib/gcc/arm-none-eabi/9.2.1/../../../../arm-none-eabi/lib/thumb/v7e-m+fp/hard/libc_nano.a
LOAD /usr/local/Cellar/arm-none-eabi-gcc/9-2019-q4-major/gcc/bin/../lib/gcc/arm-none-eabi/9.2.1/../../../../arm-none-eabi/lib/thumb/v7e-m+fp/hard/libm.a
LOAD /usr/local/Cellar/arm-none-eabi-gcc/9-2019-q4-major/gcc/bin/../lib/gcc/arm-none-eabi/9.2.1/../../../../arm-none-eabi/lib/thumb/v7e-m+fp/hard/libnosys.a
START GROUP
LOAD /usr/local/Cellar/arm-none-eabi-gcc/9-2019-q4-major/gcc/bin/../lib/gcc/arm-none-eabi/9.2.1/thumb/v7e-m+fp/hard/libgcc.a
LOAD /usr/local/Cellar/arm-none-eabi-gcc/9-2019-q4-major/gcc/bin/../lib/gcc/arm-none-eabi/9.2.1/../../../../arm-none-eabi/lib/thumb/v7e-m+fp/hard/libc_nano.a
END GROUP
START GROUP
LOAD /usr/local/Cellar/arm-none-eabi-gcc/9-2019-q4-major/gcc/bin/../lib/gcc/arm-none-eabi/9.2.1/thumb/v7e-m+fp/hard/libgcc.a
LOAD /usr/local/Cellar/arm-none-eabi-gcc/9-2019-q4-major/gcc/bin/../lib/gcc/arm-none-eabi/9.2.1/../../../../arm-none-eabi/lib/thumb/v7e-m+fp/hard/libc_nano.a
END GROUP
LOAD /usr/local/Cellar/arm-none-eabi-gcc/9-2019-q4-major/gcc/bin/../lib/gcc/arm-none-eabi/9.2.1/thumb/v7e-m+fp/hard/crtend.o
LOAD /usr/local/Cellar/arm-none-eabi-gcc/9-2019-q4-major/gcc/bin/../lib/gcc/arm-none-eabi/9.2.1/thumb/v7e-m+fp/hard/crtn.o
                0x0000000020040000                _estack = 0x20040000
                0x0000000000000200                _Min_Heap_Size = 0x200
                0x0000000000000400                _Min_Stack_Size = 0x400

.isr_vector     0x0000000008000000      0x1c4
                0x0000000008000000                . = ALIGN (0x4)
 *(.isr_vector)
 .isr_vector    0x0000000008000000      0x1c4 build/startup_stm32f412zx.o
                0x0000000008000000                g_pfnVectors
                0x00000000080001c4                . = ALIGN (0x4)

.text           0x00000000080001c4     0x4624
                0x00000000080001c4                . = ALIGN (0x4)
 *(.text)
 .text          0x00000000080001c4       0x40 /usr/local/Cellar/arm-none-eabi-gcc/9-2019-q4-major/gcc/bin/../lib/gcc/arm-none-eabi/9.2.1/thumb/v7e-m+fp/hard/crtbegin.o
 .text          0x0000000008000204       0x30 /usr/local/Cellar/arm-none-eabi-gcc/9-2019-q4-major/gcc/bin/../lib/gcc/arm-none-eabi/9.2.1/thumb/v7e-m+fp/hard/libgcc.a(_aeabi_uldivmod.o)
                0x0000000008000204                __aeabi_uldivmod
 .text          0x0000000008000234      0x2c4 /usr/local/Cellar/arm-none-eabi-gcc/9-2019-q4-major/gcc/bin/../lib/gcc/arm-none-eabi/9.2.1/thumb/v7e-m+fp/hard/libgcc.a(_udivmoddi4.o)
                0x0000000008000234                __udivmoddi4
 .text          0x00000000080004f8        0x4 /usr/local/Cellar/arm-none-eabi-gcc/9-2019-q4-major/gcc/bin/../lib/gcc/arm-none-eabi/9.2.1/thumb/v7e-m+fp/hard/libgcc.a(_dvmd_tls.o)
                0x00000000080004f8                __aeabi_ldiv0
                0x00000000080004f8                __aeabi_idiv0
 *(.text*)
 .text.SystemClock_Config
                0x00000000080004fc       0xac build/main.o
                0x00000000080004fc                SystemClock_Config
 .text.main     0x00000000080005a8       0x30 build/main.o
                0x00000000080005a8                main
 .text.Error_Handler
                0x00000000080005d8        0x2 build/main.o
                0x00000000080005d8                Error_Handler
 *fill*         0x00000000080005da        0x2 
 .text.DigiLed_update
                0x00000000080005dc       0x8c build/DigiLed.o
                0x00000000080005dc                DigiLed_update
 .text.DigiLed_init
                0x0000000008000668       0x48 build/DigiLed.o
                0x0000000008000668                DigiLed_init
 .text.DigiLed_TestPosition
                0x00000000080006b0        0xc build/DigiLed.o
                0x00000000080006b0                DigiLed_TestPosition
 .text.DigiLed_setColor
                0x00000000080006bc       0x34 build/DigiLed.o
                0x00000000080006bc                DigiLed_setColor
 .text.DigiLed_setAllColor
                0x00000000080006f0       0x20 build/DigiLed.o
                0x00000000080006f0                DigiLed_setAllColor
 .text.NMI_Handler
                0x0000000008000710        0x2 build/stm32f4xx_it.o
                0x0000000008000710                NMI_Handler
 .text.HardFault_Handler
                0x0000000008000712        0x2 build/stm32f4xx_it.o
                0x0000000008000712                HardFault_Handler
 .text.MemManage_Handler
                0x0000000008000714        0x2 build/stm32f4xx_it.o
                0x0000000008000714                MemManage_Handler
 .text.BusFault_Handler
                0x0000000008000716        0x2 build/stm32f4xx_it.o
                0x0000000008000716                BusFault_Handler
 .text.UsageFault_Handler
                0x0000000008000718        0x2 build/stm32f4xx_it.o
                0x0000000008000718                UsageFault_Handler
 .text.SVC_Handler
                0x000000000800071a        0x2 build/stm32f4xx_it.o
                0x000000000800071a                SVC_Handler
 .text.DebugMon_Handler
                0x000000000800071c        0x2 build/stm32f4xx_it.o
                0x000000000800071c                DebugMon_Handler
 .text.PendSV_Handler
                0x000000000800071e        0x2 build/stm32f4xx_it.o
                0x000000000800071e                PendSV_Handler
 .text.SysTick_Handler
                0x0000000008000720        0x8 build/stm32f4xx_it.o
                0x0000000008000720                SysTick_Handler
 .text.DMA2_Stream2_IRQHandler
                0x0000000008000728       0x10 build/stm32f4xx_it.o
                0x0000000008000728                DMA2_Stream2_IRQHandler
 .text.OTG_FS_IRQHandler
                0x0000000008000738       0x10 build/stm32f4xx_it.o
                0x0000000008000738                OTG_FS_IRQHandler
 .text.HAL_MspInit
                0x0000000008000748       0x38 build/stm32f4xx_hal_msp.o
                0x0000000008000748                HAL_MspInit
 .text.MX_USB_DEVICE_Init
                0x0000000008000780       0x54 build/usb_device.o
                0x0000000008000780                MX_USB_DEVICE_Init
 .text.USBD_FS_DeviceDescriptor
                0x00000000080007d4        0xc build/usbd_desc.o
                0x00000000080007d4                USBD_FS_DeviceDescriptor
 .text.USBD_FS_LangIDStrDescriptor
                0x00000000080007e0        0xc build/usbd_desc.o
                0x00000000080007e0                USBD_FS_LangIDStrDescriptor
 .text.USBD_FS_USR_BOSDescriptor
                0x00000000080007ec        0xc build/usbd_desc.o
                0x00000000080007ec                USBD_FS_USR_BOSDescriptor
 .text.IntToUnicode
                0x00000000080007f8       0x38 build/usbd_desc.o
 .text.Get_SerialNum
                0x0000000008000830       0x34 build/usbd_desc.o
 .text.USBD_FS_SerialStrDescriptor
                0x0000000008000864       0x14 build/usbd_desc.o
                0x0000000008000864                USBD_FS_SerialStrDescriptor
 .text.USBD_FS_ProductStrDescriptor
                0x0000000008000878       0x24 build/usbd_desc.o
                0x0000000008000878                USBD_FS_ProductStrDescriptor
 .text.USBD_FS_ManufacturerStrDescriptor
                0x000000000800089c       0x1c build/usbd_desc.o
                0x000000000800089c                USBD_FS_ManufacturerStrDescriptor
 .text.USBD_FS_ConfigStrDescriptor
                0x00000000080008b8       0x24 build/usbd_desc.o
                0x00000000080008b8                USBD_FS_ConfigStrDescriptor
 .text.USBD_FS_InterfaceStrDescriptor
                0x00000000080008dc       0x24 build/usbd_desc.o
                0x00000000080008dc                USBD_FS_InterfaceStrDescriptor
 .text.CDC_DeInit_FS
                0x0000000008000900        0x4 build/usbd_cdc_if.o
 .text.CDC_Control_FS
                0x0000000008000904        0x4 build/usbd_cdc_if.o
 .text.CDC_TransmitCplt_FS
                0x0000000008000908        0x4 build/usbd_cdc_if.o
 .text.CDC_Receive_FS
                0x000000000800090c       0x1c build/usbd_cdc_if.o
 .text.CDC_Init_FS
                0x0000000008000928       0x28 build/usbd_cdc_if.o
 .text.HAL_PCD_MspInit
                0x0000000008000950       0x9c build/usbd_conf.o
                0x0000000008000950                HAL_PCD_MspInit
 .text.HAL_PCD_SetupStageCallback
                0x00000000080009ec       0x10 build/usbd_conf.o
                0x00000000080009ec                HAL_PCD_SetupStageCallback
 .text.HAL_PCD_DataOutStageCallback
                0x00000000080009fc       0x18 build/usbd_conf.o
                0x00000000080009fc                HAL_PCD_DataOutStageCallback
 .text.HAL_PCD_DataInStageCallback
                0x0000000008000a14       0x16 build/usbd_conf.o
                0x0000000008000a14                HAL_PCD_DataInStageCallback
 .text.HAL_PCD_SOFCallback
                0x0000000008000a2a        0xc build/usbd_conf.o
                0x0000000008000a2a                HAL_PCD_SOFCallback
 .text.HAL_PCD_ResetCallback
                0x0000000008000a36       0x24 build/usbd_conf.o
                0x0000000008000a36                HAL_PCD_ResetCallback
 *fill*         0x0000000008000a5a        0x2 
 .text.HAL_PCD_SuspendCallback
                0x0000000008000a5c       0x30 build/usbd_conf.o
                0x0000000008000a5c                HAL_PCD_SuspendCallback
 .text.HAL_PCD_ResumeCallback
                0x0000000008000a8c        0xc build/usbd_conf.o
                0x0000000008000a8c                HAL_PCD_ResumeCallback
 .text.HAL_PCD_ISOOUTIncompleteCallback
                0x0000000008000a98        0xc build/usbd_conf.o
                0x0000000008000a98                HAL_PCD_ISOOUTIncompleteCallback
 .text.HAL_PCD_ISOINIncompleteCallback
                0x0000000008000aa4        0xc build/usbd_conf.o
                0x0000000008000aa4                HAL_PCD_ISOINIncompleteCallback
 .text.HAL_PCD_ConnectCallback
                0x0000000008000ab0        0xc build/usbd_conf.o
                0x0000000008000ab0                HAL_PCD_ConnectCallback
 .text.HAL_PCD_DisconnectCallback
                0x0000000008000abc        0xc build/usbd_conf.o
                0x0000000008000abc                HAL_PCD_DisconnectCallback
 .text.USBD_LL_Init
                0x0000000008000ac8       0x6c build/usbd_conf.o
                0x0000000008000ac8                USBD_LL_Init
 .text.USBD_LL_IsStallEP
                0x0000000008000b34       0x2e build/usbd_conf.o
                0x0000000008000b34                USBD_LL_IsStallEP
 .text.USBD_LL_GetRxDataSize
                0x0000000008000b62        0xc build/usbd_conf.o
                0x0000000008000b62                USBD_LL_GetRxDataSize
 *fill*         0x0000000008000b6e        0x2 
 .text.HAL_PCDEx_LPM_Callback
                0x0000000008000b70       0x64 build/usbd_conf.o
                0x0000000008000b70                HAL_PCDEx_LPM_Callback
 .text.USBD_Get_USB_Status
                0x0000000008000bd4       0x14 build/usbd_conf.o
                0x0000000008000bd4                USBD_Get_USB_Status
 .text.USBD_LL_Start
                0x0000000008000be8       0x10 build/usbd_conf.o
                0x0000000008000be8                USBD_LL_Start
 .text.USBD_LL_OpenEP
                0x0000000008000bf8       0x16 build/usbd_conf.o
                0x0000000008000bf8                USBD_LL_OpenEP
 .text.USBD_LL_CloseEP
                0x0000000008000c0e       0x10 build/usbd_conf.o
                0x0000000008000c0e                USBD_LL_CloseEP
 .text.USBD_LL_StallEP
                0x0000000008000c1e       0x10 build/usbd_conf.o
                0x0000000008000c1e                USBD_LL_StallEP
 .text.USBD_LL_ClearStallEP
                0x0000000008000c2e       0x10 build/usbd_conf.o
                0x0000000008000c2e                USBD_LL_ClearStallEP
 .text.USBD_LL_SetUSBAddress
                0x0000000008000c3e       0x10 build/usbd_conf.o
                0x0000000008000c3e                USBD_LL_SetUSBAddress
 .text.USBD_LL_Transmit
                0x0000000008000c4e       0x10 build/usbd_conf.o
                0x0000000008000c4e                USBD_LL_Transmit
 .text.USBD_LL_PrepareReceive
                0x0000000008000c5e       0x10 build/usbd_conf.o
                0x0000000008000c5e                USBD_LL_PrepareReceive
 .text.PCD_WriteEmptyTxFifo
                0x0000000008000c6e       0xd2 build/stm32f4xx_hal_pcd.o
 .text.HAL_PCD_Init
                0x0000000008000d40      0x134 build/stm32f4xx_hal_pcd.o
                0x0000000008000d40                HAL_PCD_Init
 .text.HAL_PCD_Start
                0x0000000008000e74       0x42 build/stm32f4xx_hal_pcd.o
                0x0000000008000e74                HAL_PCD_Start
 *fill*         0x0000000008000eb6        0x2 
 .text.PCD_EP_OutXfrComplete_int
                0x0000000008000eb8       0xf8 build/stm32f4xx_hal_pcd.o
 .text.PCD_EP_OutSetupPacket_int
                0x0000000008000fb0       0x50 build/stm32f4xx_hal_pcd.o
 .text.HAL_PCD_IRQHandler
                0x0000000008001000      0x4f0 build/stm32f4xx_hal_pcd.o
                0x0000000008001000                HAL_PCD_IRQHandler
 .text.HAL_PCD_SetAddress
                0x00000000080014f0       0x28 build/stm32f4xx_hal_pcd.o
                0x00000000080014f0                HAL_PCD_SetAddress
 .text.HAL_PCD_EP_Open
                0x0000000008001518       0x86 build/stm32f4xx_hal_pcd.o
                0x0000000008001518                HAL_PCD_EP_Open
 .text.HAL_PCD_EP_Close
                0x000000000800159e       0x72 build/stm32f4xx_hal_pcd.o
                0x000000000800159e                HAL_PCD_EP_Close
 .text.HAL_PCD_EP_Receive
                0x0000000008001610       0x5e build/stm32f4xx_hal_pcd.o
                0x0000000008001610                HAL_PCD_EP_Receive
 .text.HAL_PCD_EP_GetRxCount
                0x000000000800166e       0x12 build/stm32f4xx_hal_pcd.o
                0x000000000800166e                HAL_PCD_EP_GetRxCount
 .text.HAL_PCD_EP_Transmit
                0x0000000008001680       0x56 build/stm32f4xx_hal_pcd.o
                0x0000000008001680                HAL_PCD_EP_Transmit
 .text.HAL_PCD_EP_SetStall
                0x00000000080016d6       0x88 build/stm32f4xx_hal_pcd.o
                0x00000000080016d6                HAL_PCD_EP_SetStall
 .text.HAL_PCD_EP_ClrStall
                0x000000000800175e       0x76 build/stm32f4xx_hal_pcd.o
                0x000000000800175e                HAL_PCD_EP_ClrStall
 .text.HAL_PCDEx_SetTxFiFo
                0x00000000080017d4       0x48 build/stm32f4xx_hal_pcd_ex.o
                0x00000000080017d4                HAL_PCDEx_SetTxFiFo
 .text.HAL_PCDEx_SetRxFiFo
                0x000000000800181c        0x8 build/stm32f4xx_hal_pcd_ex.o
                0x000000000800181c                HAL_PCDEx_SetRxFiFo
 .text.HAL_PCDEx_ActivateLPM
                0x0000000008001824       0x26 build/stm32f4xx_hal_pcd_ex.o
                0x0000000008001824                HAL_PCDEx_ActivateLPM
 *fill*         0x000000000800184a        0x2 
 .text.USB_CoreReset
                0x000000000800184c       0x3c build/stm32f4xx_ll_usb.o
 .text.USB_CoreInit
                0x0000000008001888       0x8a build/stm32f4xx_ll_usb.o
                0x0000000008001888                USB_CoreInit
 *fill*         0x0000000008001912        0x2 
 .text.USB_SetTurnaroundTime
                0x0000000008001914       0xe4 build/stm32f4xx_ll_usb.o
                0x0000000008001914                USB_SetTurnaroundTime
 .text.USB_EnableGlobalInt
                0x00000000080019f8        0xc build/stm32f4xx_ll_usb.o
                0x00000000080019f8                USB_EnableGlobalInt
 .text.USB_DisableGlobalInt
                0x0000000008001a04        0xc build/stm32f4xx_ll_usb.o
                0x0000000008001a04                USB_DisableGlobalInt
 .text.USB_SetCurrentMode
                0x0000000008001a10       0x30 build/stm32f4xx_ll_usb.o
                0x0000000008001a10                USB_SetCurrentMode
 .text.USB_FlushTxFifo
                0x0000000008001a40       0x28 build/stm32f4xx_ll_usb.o
                0x0000000008001a40                USB_FlushTxFifo
 .text.USB_FlushRxFifo
                0x0000000008001a68       0x24 build/stm32f4xx_ll_usb.o
                0x0000000008001a68                USB_FlushRxFifo
 .text.USB_SetDevSpeed
                0x0000000008001a8c        0xe build/stm32f4xx_ll_usb.o
                0x0000000008001a8c                USB_SetDevSpeed
 *fill*         0x0000000008001a9a        0x2 
 .text.USB_DevInit
                0x0000000008001a9c      0x190 build/stm32f4xx_ll_usb.o
                0x0000000008001a9c                USB_DevInit
 .text.USB_GetDevSpeed
                0x0000000008001c2c       0x22 build/stm32f4xx_ll_usb.o
                0x0000000008001c2c                USB_GetDevSpeed
 .text.USB_ActivateEndpoint
                0x0000000008001c4e       0x94 build/stm32f4xx_ll_usb.o
                0x0000000008001c4e                USB_ActivateEndpoint
 *fill*         0x0000000008001ce2        0x2 
 .text.USB_DeactivateEndpoint
                0x0000000008001ce4       0xdc build/stm32f4xx_ll_usb.o
                0x0000000008001ce4                USB_DeactivateEndpoint
 .text.USB_EP0StartXfer
                0x0000000008001dc0      0x11c build/stm32f4xx_ll_usb.o
                0x0000000008001dc0                USB_EP0StartXfer
 .text.USB_WritePacket
                0x0000000008001edc       0x28 build/stm32f4xx_ll_usb.o
                0x0000000008001edc                USB_WritePacket
 .text.USB_EPStartXfer
                0x0000000008001f04      0x218 build/stm32f4xx_ll_usb.o
                0x0000000008001f04                USB_EPStartXfer
 .text.USB_ReadPacket
                0x000000000800211c       0x22 build/stm32f4xx_ll_usb.o
                0x000000000800211c                USB_ReadPacket
 .text.USB_EPSetStall
                0x000000000800213e       0x5a build/stm32f4xx_ll_usb.o
                0x000000000800213e                USB_EPSetStall
 .text.USB_EPClearStall
                0x0000000008002198       0x5c build/stm32f4xx_ll_usb.o
                0x0000000008002198                USB_EPClearStall
 .text.USB_SetDevAddress
                0x00000000080021f4       0x20 build/stm32f4xx_ll_usb.o
                0x00000000080021f4                USB_SetDevAddress
 .text.USB_DevConnect
                0x0000000008002214       0x1c build/stm32f4xx_ll_usb.o
                0x0000000008002214                USB_DevConnect
 .text.USB_DevDisconnect
                0x0000000008002230       0x1c build/stm32f4xx_ll_usb.o
                0x0000000008002230                USB_DevDisconnect
 .text.USB_ReadInterrupts
                0x000000000800224c        0x8 build/stm32f4xx_ll_usb.o
                0x000000000800224c                USB_ReadInterrupts
 .text.USB_ReadDevAllOutEpInterrupt
                0x0000000008002254       0x10 build/stm32f4xx_ll_usb.o
                0x0000000008002254                USB_ReadDevAllOutEpInterrupt
 .text.USB_ReadDevAllInEpInterrupt
                0x0000000008002264       0x10 build/stm32f4xx_ll_usb.o
                0x0000000008002264                USB_ReadDevAllInEpInterrupt
 .text.USB_ReadDevOutEPInterrupt
                0x0000000008002274       0x12 build/stm32f4xx_ll_usb.o
                0x0000000008002274                USB_ReadDevOutEPInterrupt
 .text.USB_ReadDevInEPInterrupt
                0x0000000008002286       0x28 build/stm32f4xx_ll_usb.o
                0x0000000008002286                USB_ReadDevInEPInterrupt
 .text.USB_GetMode
                0x00000000080022ae        0x8 build/stm32f4xx_ll_usb.o
                0x00000000080022ae                USB_GetMode
 .text.USB_ActivateSetup
                0x00000000080022b6       0x20 build/stm32f4xx_ll_usb.o
                0x00000000080022b6                USB_ActivateSetup
 *fill*         0x00000000080022d6        0x2 
 .text.USB_EP0_OutStart
                0x00000000080022d8       0x60 build/stm32f4xx_ll_usb.o
                0x00000000080022d8                USB_EP0_OutStart
 .text.HAL_RCC_GetSysClockFreq
                0x0000000008002338       0xcc build/stm32f4xx_hal_rcc.o
                0x0000000008002338                HAL_RCC_GetSysClockFreq
 .text.HAL_RCC_ClockConfig
                0x0000000008002404      0x160 build/stm32f4xx_hal_rcc.o
                0x0000000008002404                HAL_RCC_ClockConfig
 .text.HAL_RCC_GetHCLKFreq
                0x0000000008002564        0xc build/stm32f4xx_hal_rcc.o
                0x0000000008002564                HAL_RCC_GetHCLKFreq
 .text.HAL_RCCEx_PeriphCLKConfig
                0x0000000008002570      0x2b8 build/stm32f4xx_hal_rcc_ex.o
                0x0000000008002570                HAL_RCCEx_PeriphCLKConfig
 .text.HAL_RCC_OscConfig
                0x0000000008002828      0x394 build/stm32f4xx_hal_rcc_ex.o
                0x0000000008002828                HAL_RCC_OscConfig
 .text.HAL_GPIO_Init
                0x0000000008002bbc      0x1c0 build/stm32f4xx_hal_gpio.o
                0x0000000008002bbc                HAL_GPIO_Init
 .text.HAL_GPIO_WritePin
                0x0000000008002d7c        0xc build/stm32f4xx_hal_gpio.o
                0x0000000008002d7c                HAL_GPIO_WritePin
 .text.DMA_CalcBaseAndBitshift
                0x0000000008002d88       0x44 build/stm32f4xx_hal_dma.o
 .text.DMA_CheckFifoParam
                0x0000000008002dcc       0x8e build/stm32f4xx_hal_dma.o
 *fill*         0x0000000008002e5a        0x2 
 .text.HAL_DMA_Init
                0x0000000008002e5c       0xcc build/stm32f4xx_hal_dma.o
                0x0000000008002e5c                HAL_DMA_Init
 .text.HAL_DMA_IRQHandler
                0x0000000008002f28      0x1dc build/stm32f4xx_hal_dma.o
                0x0000000008002f28                HAL_DMA_IRQHandler
 .text.HAL_NVIC_SetPriorityGrouping
                0x0000000008003104       0x24 build/stm32f4xx_hal_cortex.o
                0x0000000008003104                HAL_NVIC_SetPriorityGrouping
 .text.HAL_NVIC_SetPriority
                0x0000000008003128       0x68 build/stm32f4xx_hal_cortex.o
                0x0000000008003128                HAL_NVIC_SetPriority
 .text.HAL_NVIC_EnableIRQ
                0x0000000008003190       0x1c build/stm32f4xx_hal_cortex.o
                0x0000000008003190                HAL_NVIC_EnableIRQ
 .text.HAL_SYSTICK_Config
                0x00000000080031ac       0x2c build/stm32f4xx_hal_cortex.o
                0x00000000080031ac                HAL_SYSTICK_Config
 .text.HAL_InitTick
                0x00000000080031d8       0x4c build/stm32f4xx_hal.o
                0x00000000080031d8                HAL_InitTick
 .text.HAL_Init
                0x0000000008003224       0x34 build/stm32f4xx_hal.o
                0x0000000008003224                HAL_Init
 .text.HAL_IncTick
                0x0000000008003258       0x18 build/stm32f4xx_hal.o
                0x0000000008003258                HAL_IncTick
 .text.HAL_GetTick
                0x0000000008003270        0xc build/stm32f4xx_hal.o
                0x0000000008003270                HAL_GetTick
 .text.HAL_Delay
                0x000000000800327c       0x28 build/stm32f4xx_hal.o
                0x000000000800327c                HAL_Delay
 .text.SPI_WaitFlagStateUntilTimeout
                0x00000000080032a4       0x94 build/stm32f4xx_hal_spi.o
 .text.SPI_EndRxTxTransaction
                0x0000000008003338       0x68 build/stm32f4xx_hal_spi.o
 .text.HAL_SPI_Init
                0x00000000080033a0       0x80 build/stm32f4xx_hal_spi.o
                0x00000000080033a0                HAL_SPI_Init
 .text.HAL_SPI_Transmit
                0x0000000008003420      0x1a4 build/stm32f4xx_hal_spi.o
                0x0000000008003420                HAL_SPI_Transmit
 .text.SystemInit
                0x00000000080035c4       0x1c build/system_stm32f4xx.o
                0x00000000080035c4                SystemInit
 .text.USBD_Init
                0x00000000080035e0       0x38 build/usbd_core.o
                0x00000000080035e0                USBD_Init
 .text.USBD_RegisterClass
                0x0000000008003618       0x28 build/usbd_core.o
                0x0000000008003618                USBD_RegisterClass
 .text.USBD_Start
                0x0000000008003640        0x8 build/usbd_core.o
                0x0000000008003640                USBD_Start
 .text.USBD_SetClassConfig
                0x0000000008003648       0x12 build/usbd_core.o
                0x0000000008003648                USBD_SetClassConfig
 .text.USBD_ClrClassConfig
                0x000000000800365a       0x10 build/usbd_core.o
                0x000000000800365a                USBD_ClrClassConfig
 .text.USBD_LL_SetupStage
                0x000000000800366a       0x58 build/usbd_core.o
                0x000000000800366a                USBD_LL_SetupStage
 .text.USBD_LL_DataOutStage
                0x00000000080036c2       0x72 build/usbd_core.o
                0x00000000080036c2                USBD_LL_DataOutStage
 .text.USBD_LL_DataInStage
                0x0000000008003734       0xb8 build/usbd_core.o
                0x0000000008003734                USBD_LL_DataInStage
 .text.USBD_LL_Reset
                0x00000000080037ec       0x52 build/usbd_core.o
                0x00000000080037ec                USBD_LL_Reset
 .text.USBD_LL_SetSpeed
                0x000000000800383e        0x6 build/usbd_core.o
                0x000000000800383e                USBD_LL_SetSpeed
 .text.USBD_LL_Suspend
                0x0000000008003844       0x12 build/usbd_core.o
                0x0000000008003844                USBD_LL_Suspend
 .text.USBD_LL_Resume
                0x0000000008003856       0x16 build/usbd_core.o
                0x0000000008003856                USBD_LL_Resume
 .text.USBD_LL_SOF
                0x000000000800386c       0x1c build/usbd_core.o
                0x000000000800386c                USBD_LL_SOF
 .text.USBD_LL_IsoINIncomplete
                0x0000000008003888        0x4 build/usbd_core.o
                0x0000000008003888                USBD_LL_IsoINIncomplete
 .text.USBD_LL_IsoOUTIncomplete
                0x000000000800388c        0x4 build/usbd_core.o
                0x000000000800388c                USBD_LL_IsoOUTIncomplete
 .text.USBD_LL_DevConnected
                0x0000000008003890        0x4 build/usbd_core.o
                0x0000000008003890                USBD_LL_DevConnected
 .text.USBD_LL_DevDisconnected
                0x0000000008003894       0x18 build/usbd_core.o
                0x0000000008003894                USBD_LL_DevDisconnected
 .text.USBD_GetLen
                0x00000000080038ac       0x12 build/usbd_ctlreq.o
 .text.USBD_SetFeature
                0x00000000080038be       0x14 build/usbd_ctlreq.o
 .text.USBD_ParseSetupRequest
                0x00000000080038d2       0x28 build/usbd_ctlreq.o
                0x00000000080038d2                USBD_ParseSetupRequest
 .text.USBD_CtlError
                0x00000000080038fa       0x14 build/usbd_ctlreq.o
                0x00000000080038fa                USBD_CtlError
 .text.USBD_GetDescriptor
                0x000000000800390e      0x1ac build/usbd_ctlreq.o
 .text.USBD_SetAddress
                0x0000000008003aba       0x4e build/usbd_ctlreq.o
 .text.USBD_SetConfig
                0x0000000008003b08       0xc4 build/usbd_ctlreq.o
 .text.USBD_GetConfig
                0x0000000008003bcc       0x3e build/usbd_ctlreq.o
 .text.USBD_GetStatus
                0x0000000008003c0a       0x38 build/usbd_ctlreq.o
 .text.USBD_ClrFeature
                0x0000000008003c42       0x26 build/usbd_ctlreq.o
 .text.USBD_StdDevReq
                0x0000000008003c68       0x70 build/usbd_ctlreq.o
                0x0000000008003c68                USBD_StdDevReq
 .text.USBD_StdItfReq
                0x0000000008003cd8       0x68 build/usbd_ctlreq.o
                0x0000000008003cd8                USBD_StdItfReq
 .text.USBD_StdEPReq
                0x0000000008003d40      0x1e4 build/usbd_ctlreq.o
                0x0000000008003d40                USBD_StdEPReq
 .text.USBD_GetString
                0x0000000008003f24       0x36 build/usbd_ctlreq.o
                0x0000000008003f24                USBD_GetString
 .text.USBD_CtlSendData
                0x0000000008003f5a       0x1a build/usbd_ioreq.o
                0x0000000008003f5a                USBD_CtlSendData
 .text.USBD_CtlContinueSendData
                0x0000000008003f74       0x10 build/usbd_ioreq.o
                0x0000000008003f74                USBD_CtlContinueSendData
 .text.USBD_CtlPrepareRx
                0x0000000008003f84       0x1e build/usbd_ioreq.o
                0x0000000008003f84                USBD_CtlPrepareRx
 .text.USBD_CtlContinueRx
                0x0000000008003fa2       0x10 build/usbd_ioreq.o
                0x0000000008003fa2                USBD_CtlContinueRx
 .text.USBD_CtlSendStatus
                0x0000000008003fb2       0x16 build/usbd_ioreq.o
                0x0000000008003fb2                USBD_CtlSendStatus
 .text.USBD_CtlReceiveStatus
                0x0000000008003fc8       0x16 build/usbd_ioreq.o
                0x0000000008003fc8                USBD_CtlReceiveStatus
 .text.USBD_CDC_EP0_RxReady
                0x0000000008003fde       0x28 build/usbd_cdc.o
 *fill*         0x0000000008004006        0x2 
 .text.USBD_CDC_GetFSCfgDesc
                0x0000000008004008        0xc build/usbd_cdc.o
 .text.USBD_CDC_GetHSCfgDesc
                0x0000000008004014        0xc build/usbd_cdc.o
 .text.USBD_CDC_GetOtherSpeedCfgDesc
                0x0000000008004020        0xc build/usbd_cdc.o
 .text.USBD_CDC_GetDeviceQualifierDescriptor
                0x000000000800402c        0xc build/usbd_cdc.o
                0x000000000800402c                USBD_CDC_GetDeviceQualifierDescriptor
 .text.USBD_CDC_DataOut
                0x0000000008004038       0x2a build/usbd_cdc.o
 .text.USBD_CDC_DataIn
                0x0000000008004062       0x64 build/usbd_cdc.o
 .text.USBD_CDC_Setup
                0x00000000080040c6       0xe0 build/usbd_cdc.o
 .text.USBD_CDC_DeInit
                0x00000000080041a6       0x48 build/usbd_cdc.o
 .text.USBD_CDC_Init
                0x00000000080041ee       0xc2 build/usbd_cdc.o
 .text.USBD_CDC_RegisterInterface
                0x00000000080042b0        0xe build/usbd_cdc.o
                0x00000000080042b0                USBD_CDC_RegisterInterface
 .text.USBD_CDC_SetTxBuffer
                0x00000000080042be       0x10 build/usbd_cdc.o
                0x00000000080042be                USBD_CDC_SetTxBuffer
 .text.USBD_CDC_SetRxBuffer
                0x00000000080042ce        0xc build/usbd_cdc.o
                0x00000000080042ce                USBD_CDC_SetRxBuffer
 .text.USBD_CDC_ReceivePacket
                0x00000000080042da       0x32 build/usbd_cdc.o
                0x00000000080042da                USBD_CDC_ReceivePacket
 .text.MX_GPIO_Init
                0x000000000800430c      0x128 build/gpio.o
                0x000000000800430c                MX_GPIO_Init
 .text.MX_SPI1_Init
                0x0000000008004434       0x40 build/spi.o
                0x0000000008004434                MX_SPI1_Init
 .text.HAL_SPI_MspInit
                0x0000000008004474       0xb0 build/spi.o
                0x0000000008004474                HAL_SPI_MspInit
 .text.MX_DMA_Init
                0x0000000008004524       0x34 build/dma.o
                0x0000000008004524                MX_DMA_Init
 .text.Reset_Handler
                0x0000000008004558       0x50 build/startup_stm32f412zx.o
                0x0000000008004558                Reset_Handler
 .text.Default_Handler
                0x00000000080045a8        0x2 build/startup_stm32f412zx.o
                0x00000000080045a8                DMA1_Stream3_IRQHandler
                0x00000000080045a8                EXTI2_IRQHandler
                0x00000000080045a8                TIM8_CC_IRQHandler
                0x00000000080045a8                FMPI2C1_EV_IRQHandler
                0x00000000080045a8                SPI4_IRQHandler
                0x00000000080045a8                TIM1_CC_IRQHandler
                0x00000000080045a8                DMA2_Stream5_IRQHandler
                0x00000000080045a8                DMA1_Stream5_IRQHandler
                0x00000000080045a8                TIM6_IRQHandler
                0x00000000080045a8                PVD_IRQHandler
                0x00000000080045a8                SDIO_IRQHandler
                0x00000000080045a8                TAMP_STAMP_IRQHandler
                0x00000000080045a8                CAN2_RX1_IRQHandler
                0x00000000080045a8                EXTI3_IRQHandler
                0x00000000080045a8                TIM8_TRG_COM_TIM14_IRQHandler
                0x00000000080045a8                DFSDM1_FLT1_IRQHandler
                0x00000000080045a8                TIM1_UP_TIM10_IRQHandler
                0x00000000080045a8                TIM8_UP_TIM13_IRQHandler
                0x00000000080045a8                I2C3_ER_IRQHandler
                0x00000000080045a8                EXTI0_IRQHandler
                0x00000000080045a8                I2C2_EV_IRQHandler
                0x00000000080045a8                DMA1_Stream2_IRQHandler
                0x00000000080045a8                CAN1_RX0_IRQHandler
                0x00000000080045a8                FPU_IRQHandler
                0x00000000080045a8                CAN2_SCE_IRQHandler
                0x00000000080045a8                SPI1_IRQHandler
                0x00000000080045a8                TIM1_BRK_TIM9_IRQHandler
                0x00000000080045a8                CAN2_RX0_IRQHandler
                0x00000000080045a8                DMA2_Stream3_IRQHandler
                0x00000000080045a8                USART6_IRQHandler
                0x00000000080045a8                USART3_IRQHandler
                0x00000000080045a8                CAN1_RX1_IRQHandler
                0x00000000080045a8                DMA2_Stream0_IRQHandler
                0x00000000080045a8                TIM4_IRQHandler
                0x00000000080045a8                QUADSPI_IRQHandler
                0x00000000080045a8                I2C1_EV_IRQHandler
                0x00000000080045a8                DMA1_Stream6_IRQHandler
                0x00000000080045a8                DMA1_Stream1_IRQHandler
                0x00000000080045a8                TIM3_IRQHandler
                0x00000000080045a8                RCC_IRQHandler
                0x00000000080045a8                TIM8_BRK_TIM12_IRQHandler
                0x00000000080045a8                Default_Handler
                0x00000000080045a8                EXTI15_10_IRQHandler
                0x00000000080045a8                ADC_IRQHandler
                0x00000000080045a8                DMA1_Stream7_IRQHandler
                0x00000000080045a8                SPI5_IRQHandler
                0x00000000080045a8                TIM7_IRQHandler
                0x00000000080045a8                CAN2_TX_IRQHandler
                0x00000000080045a8                TIM5_IRQHandler
                0x00000000080045a8                DMA2_Stream7_IRQHandler
                0x00000000080045a8                I2C3_EV_IRQHandler
                0x00000000080045a8                EXTI9_5_IRQHandler
                0x00000000080045a8                RTC_WKUP_IRQHandler
                0x00000000080045a8                SPI2_IRQHandler
                0x00000000080045a8                DMA1_Stream0_IRQHandler
                0x00000000080045a8                CAN1_TX_IRQHandler
                0x00000000080045a8                FMPI2C1_ER_IRQHandler
                0x00000000080045a8                EXTI4_IRQHandler
                0x00000000080045a8                RNG_IRQHandler
                0x00000000080045a8                WWDG_IRQHandler
                0x00000000080045a8                TIM2_IRQHandler
                0x00000000080045a8                OTG_FS_WKUP_IRQHandler
                0x00000000080045a8                TIM1_TRG_COM_TIM11_IRQHandler
                0x00000000080045a8                EXTI1_IRQHandler
                0x00000000080045a8                USART2_IRQHandler
                0x00000000080045a8                DFSDM1_FLT0_IRQHandler
                0x00000000080045a8                I2C2_ER_IRQHandler
                0x00000000080045a8                DMA2_Stream1_IRQHandler
                0x00000000080045a8                CAN1_SCE_IRQHandler
                0x00000000080045a8                FLASH_IRQHandler
                0x00000000080045a8                DMA2_Stream4_IRQHandler
                0x00000000080045a8                USART1_IRQHandler
                0x00000000080045a8                SPI3_IRQHandler
                0x00000000080045a8                DMA1_Stream4_IRQHandler
                0x00000000080045a8                I2C1_ER_IRQHandler
                0x00000000080045a8                DMA2_Stream6_IRQHandler
                0x00000000080045a8                RTC_Alarm_IRQHandler
 *fill*         0x00000000080045aa        0x2 
 .text.__libc_init_array
                0x00000000080045ac       0x48 /usr/local/Cellar/arm-none-eabi-gcc/9-2019-q4-major/gcc/bin/../lib/gcc/arm-none-eabi/9.2.1/../../../../arm-none-eabi/lib/thumb/v7e-m+fp/hard/libc_nano.a(lib_a-init.o)
                0x00000000080045ac                __libc_init_array
 .text.malloc   0x00000000080045f4       0x10 /usr/local/Cellar/arm-none-eabi-gcc/9-2019-q4-major/gcc/bin/../lib/gcc/arm-none-eabi/9.2.1/../../../../arm-none-eabi/lib/thumb/v7e-m+fp/hard/libc_nano.a(lib_a-malloc.o)
                0x00000000080045f4                malloc
 .text.free     0x0000000008004604       0x10 /usr/local/Cellar/arm-none-eabi-gcc/9-2019-q4-major/gcc/bin/../lib/gcc/arm-none-eabi/9.2.1/../../../../arm-none-eabi/lib/thumb/v7e-m+fp/hard/libc_nano.a(lib_a-malloc.o)
                0x0000000008004604                free
 .text.memset   0x0000000008004614       0x10 /usr/local/Cellar/arm-none-eabi-gcc/9-2019-q4-major/gcc/bin/../lib/gcc/arm-none-eabi/9.2.1/../../../../arm-none-eabi/lib/thumb/v7e-m+fp/hard/libc_nano.a(lib_a-memset.o)
                0x0000000008004614                memset
 .text._free_r  0x0000000008004624       0xa0 /usr/local/Cellar/arm-none-eabi-gcc/9-2019-q4-major/gcc/bin/../lib/gcc/arm-none-eabi/9.2.1/../../../../arm-none-eabi/lib/thumb/v7e-m+fp/hard/libc_nano.a(lib_a-nano-freer.o)
                0x0000000008004624                _free_r
 .text._malloc_r
                0x00000000080046c4       0xb4 /usr/local/Cellar/arm-none-eabi-gcc/9-2019-q4-major/gcc/bin/../lib/gcc/arm-none-eabi/9.2.1/../../../../arm-none-eabi/lib/thumb/v7e-m+fp/hard/libc_nano.a(lib_a-nano-mallocr.o)
                0x00000000080046c4                _malloc_r
 .text._sbrk_r  0x0000000008004778       0x20 /usr/local/Cellar/arm-none-eabi-gcc/9-2019-q4-major/gcc/bin/../lib/gcc/arm-none-eabi/9.2.1/../../../../arm-none-eabi/lib/thumb/v7e-m+fp/hard/libc_nano.a(lib_a-sbrkr.o)
                0x0000000008004778                _sbrk_r
 .text.__malloc_lock
                0x0000000008004798        0xc /usr/local/Cellar/arm-none-eabi-gcc/9-2019-q4-major/gcc/bin/../lib/gcc/arm-none-eabi/9.2.1/../../../../arm-none-eabi/lib/thumb/v7e-m+fp/hard/libc_nano.a(lib_a-mlock.o)
                0x0000000008004798                __malloc_lock
 .text.__malloc_unlock
                0x00000000080047a4        0xc /usr/local/Cellar/arm-none-eabi-gcc/9-2019-q4-major/gcc/bin/../lib/gcc/arm-none-eabi/9.2.1/../../../../arm-none-eabi/lib/thumb/v7e-m+fp/hard/libc_nano.a(lib_a-mlock.o)
                0x00000000080047a4                __malloc_unlock
 .text.__retarget_lock_acquire_recursive
                0x00000000080047b0        0x2 /usr/local/Cellar/arm-none-eabi-gcc/9-2019-q4-major/gcc/bin/../lib/gcc/arm-none-eabi/9.2.1/../../../../arm-none-eabi/lib/thumb/v7e-m+fp/hard/libc_nano.a(lib_a-lock.o)
                0x00000000080047b0                __retarget_lock_acquire_recursive
 .text.__retarget_lock_release_recursive
                0x00000000080047b2        0x2 /usr/local/Cellar/arm-none-eabi-gcc/9-2019-q4-major/gcc/bin/../lib/gcc/arm-none-eabi/9.2.1/../../../../arm-none-eabi/lib/thumb/v7e-m+fp/hard/libc_nano.a(lib_a-lock.o)
                0x00000000080047b2                __retarget_lock_release_recursive
 .text._sbrk    0x00000000080047b4       0x1c /usr/local/Cellar/arm-none-eabi-gcc/9-2019-q4-major/gcc/bin/../lib/gcc/arm-none-eabi/9.2.1/../../../../arm-none-eabi/lib/thumb/v7e-m+fp/hard/libnosys.a(sbrk.o)
                0x00000000080047b4                _sbrk
 *(.glue_7)
 .glue_7        0x00000000080047d0        0x0 linker stubs
 *(.glue_7t)
 .glue_7t       0x00000000080047d0        0x0 linker stubs
 *(.eh_frame)
 .eh_frame      0x00000000080047d0        0x0 /usr/local/Cellar/arm-none-eabi-gcc/9-2019-q4-major/gcc/bin/../lib/gcc/arm-none-eabi/9.2.1/thumb/v7e-m+fp/hard/crtbegin.o
 *(.init)
 .init          0x00000000080047d0        0x4 /usr/local/Cellar/arm-none-eabi-gcc/9-2019-q4-major/gcc/bin/../lib/gcc/arm-none-eabi/9.2.1/thumb/v7e-m+fp/hard/crti.o
                0x00000000080047d0                _init
 .init          0x00000000080047d4        0x8 /usr/local/Cellar/arm-none-eabi-gcc/9-2019-q4-major/gcc/bin/../lib/gcc/arm-none-eabi/9.2.1/thumb/v7e-m+fp/hard/crtn.o
 *(.fini)
 .fini          0x00000000080047dc        0x4 /usr/local/Cellar/arm-none-eabi-gcc/9-2019-q4-major/gcc/bin/../lib/gcc/arm-none-eabi/9.2.1/thumb/v7e-m+fp/hard/crti.o
                0x00000000080047dc                _fini
 .fini          0x00000000080047e0        0x8 /usr/local/Cellar/arm-none-eabi-gcc/9-2019-q4-major/gcc/bin/../lib/gcc/arm-none-eabi/9.2.1/thumb/v7e-m+fp/hard/crtn.o
                0x00000000080047e8                . = ALIGN (0x4)
                0x00000000080047e8                _etext = .

.vfp11_veneer   0x00000000080047e8        0x0
 .vfp11_veneer  0x00000000080047e8        0x0 linker stubs

.v4_bx          0x00000000080047e8        0x0
 .v4_bx         0x00000000080047e8        0x0 linker stubs

.iplt           0x00000000080047e8        0x0
 .iplt          0x00000000080047e8        0x0 /usr/local/Cellar/arm-none-eabi-gcc/9-2019-q4-major/gcc/bin/../lib/gcc/arm-none-eabi/9.2.1/thumb/v7e-m+fp/hard/crtbegin.o

.rodata         0x00000000080047e8       0x60
                0x00000000080047e8                . = ALIGN (0x4)
 *(.rodata)
 *(.rodata*)
 .rodata.USBD_FS_ProductStrDescriptor.str1.4
                0x00000000080047e8       0x16 build/usbd_desc.o
 *fill*         0x00000000080047fe        0x2 
 .rodata.USBD_FS_ManufacturerStrDescriptor.str1.4
                0x0000000008004800       0x13 build/usbd_desc.o
 *fill*         0x0000000008004813        0x1 
 .rodata.USBD_FS_ConfigStrDescriptor.str1.4
                0x0000000008004814        0xb build/usbd_desc.o
 *fill*         0x000000000800481f        0x1 
 .rodata.USBD_FS_InterfaceStrDescriptor.str1.4
                0x0000000008004820        0xe build/usbd_desc.o
 *fill*         0x000000000800482e        0x2 
 .rodata.flagBitshiftOffset.8098
                0x0000000008004830        0x8 build/stm32f4xx_hal_dma.o
 .rodata.AHBPrescTable
                0x0000000008004838       0x10 build/system_stm32f4xx.o
                0x0000000008004838                AHBPrescTable
                0x0000000008004848                . = ALIGN (0x4)

.ARM.extab
 *(.ARM.extab* .gnu.linkonce.armextab.*)

.ARM            0x0000000008004848        0x8
                0x0000000008004848                __exidx_start = .
 *(.ARM.exidx*)
 .ARM.exidx     0x0000000008004848        0x8 /usr/local/Cellar/arm-none-eabi-gcc/9-2019-q4-major/gcc/bin/../lib/gcc/arm-none-eabi/9.2.1/thumb/v7e-m+fp/hard/libgcc.a(_udivmoddi4.o)
                0x0000000008004850                __exidx_end = .

.rel.dyn        0x0000000008004850        0x0
 .rel.iplt      0x0000000008004850        0x0 /usr/local/Cellar/arm-none-eabi-gcc/9-2019-q4-major/gcc/bin/../lib/gcc/arm-none-eabi/9.2.1/thumb/v7e-m+fp/hard/crtbegin.o

.preinit_array  0x0000000008004850        0x0
                0x0000000008004850                PROVIDE (__preinit_array_start = .)
 *(.preinit_array*)
                0x0000000008004850                PROVIDE (__preinit_array_end = .)

.init_array     0x0000000008004850        0x4
                0x0000000008004850                PROVIDE (__init_array_start = .)
 *(SORT_BY_NAME(.init_array.*))
 *(.init_array*)
 .init_array    0x0000000008004850        0x4 /usr/local/Cellar/arm-none-eabi-gcc/9-2019-q4-major/gcc/bin/../lib/gcc/arm-none-eabi/9.2.1/thumb/v7e-m+fp/hard/crtbegin.o
                0x0000000008004854                PROVIDE (__init_array_end = .)

.fini_array     0x0000000008004854        0x4
                [!provide]                        PROVIDE (__fini_array_start = .)
 *(SORT_BY_NAME(.fini_array.*))
 *(.fini_array*)
 .fini_array    0x0000000008004854        0x4 /usr/local/Cellar/arm-none-eabi-gcc/9-2019-q4-major/gcc/bin/../lib/gcc/arm-none-eabi/9.2.1/thumb/v7e-m+fp/hard/crtbegin.o
                [!provide]                        PROVIDE (__fini_array_end = .)
                0x0000000008004858                _sidata = LOADADDR (.data)

.data           0x0000000020000000      0x1f4 load address 0x0000000008004858
                0x0000000020000000                . = ALIGN (0x4)
                0x0000000020000000                _sdata = .
 *(.data)
 *(.data*)
 .data.FS_Desc  0x0000000020000000       0x20 build/usbd_desc.o
                0x0000000020000000                FS_Desc
 .data.USBD_FS_BOSDesc
                0x0000000020000020        0xc build/usbd_desc.o
                0x0000000020000020                USBD_FS_BOSDesc
 .data.USBD_FS_DeviceDesc
                0x000000002000002c       0x12 build/usbd_desc.o
                0x000000002000002c                USBD_FS_DeviceDesc
 *fill*         0x000000002000003e        0x2 
 .data.USBD_LangIDDesc
                0x0000000020000040        0x4 build/usbd_desc.o
                0x0000000020000040                USBD_LangIDDesc
 .data.USBD_StringSerial
                0x0000000020000044       0x1a build/usbd_desc.o
                0x0000000020000044                USBD_StringSerial
 *fill*         0x000000002000005e        0x2 
 .data.USBD_Interface_fops_FS
                0x0000000020000060       0x14 build/usbd_cdc_if.o
                0x0000000020000060                USBD_Interface_fops_FS
 .data.uwTickFreq
                0x0000000020000074        0x1 build/stm32f4xx_hal.o
                0x0000000020000074                uwTickFreq
 *fill*         0x0000000020000075        0x3 
 .data.uwTickPrio
                0x0000000020000078        0x4 build/stm32f4xx_hal.o
                0x0000000020000078                uwTickPrio
 .data.SystemCoreClock
                0x000000002000007c        0x4 build/system_stm32f4xx.o
                0x000000002000007c                SystemCoreClock
 .data.USBD_CDC
                0x0000000020000080       0x38 build/usbd_cdc.o
                0x0000000020000080                USBD_CDC
 .data.USBD_CDC_CfgFSDesc
                0x00000000200000b8       0x43 build/usbd_cdc.o
 *fill*         0x00000000200000fb        0x1 
 .data.USBD_CDC_CfgHSDesc
                0x00000000200000fc       0x43 build/usbd_cdc.o
 *fill*         0x000000002000013f        0x1 
 .data.USBD_CDC_DeviceQualifierDesc
                0x0000000020000140        0xa build/usbd_cdc.o
 *fill*         0x000000002000014a        0x2 
 .data.USBD_CDC_OtherSpeedCfgDesc
                0x000000002000014c       0x43 build/usbd_cdc.o
 *fill*         0x000000002000018f        0x1 
 .data._impure_ptr
                0x0000000020000190        0x4 /usr/local/Cellar/arm-none-eabi-gcc/9-2019-q4-major/gcc/bin/../lib/gcc/arm-none-eabi/9.2.1/../../../../arm-none-eabi/lib/thumb/v7e-m+fp/hard/libc_nano.a(lib_a-impure.o)
                0x0000000020000190                _impure_ptr
 .data.impure_data
                0x0000000020000194       0x60 /usr/local/Cellar/arm-none-eabi-gcc/9-2019-q4-major/gcc/bin/../lib/gcc/arm-none-eabi/9.2.1/../../../../arm-none-eabi/lib/thumb/v7e-m+fp/hard/libc_nano.a(lib_a-impure.o)
                0x00000000200001f4                . = ALIGN (0x4)
                0x00000000200001f4                _edata = .

.igot.plt       0x00000000200001f4        0x0 load address 0x0000000008004a4c
 .igot.plt      0x00000000200001f4        0x0 /usr/local/Cellar/arm-none-eabi-gcc/9-2019-q4-major/gcc/bin/../lib/gcc/arm-none-eabi/9.2.1/thumb/v7e-m+fp/hard/crtbegin.o
                0x00000000200001f4                . = ALIGN (0x4)

.bss            0x00000000200001f4     0x1da0 load address 0x0000000008004a4c
                0x00000000200001f4                _sbss = .
                0x00000000200001f4                __bss_start__ = _sbss
 *(.bss)
 .bss           0x00000000200001f4       0x1c /usr/local/Cellar/arm-none-eabi-gcc/9-2019-q4-major/gcc/bin/../lib/gcc/arm-none-eabi/9.2.1/thumb/v7e-m+fp/hard/crtbegin.o
 *(.bss*)
 .bss.cfgidx.10011
                0x0000000020000210        0x1 build/usbd_ctlreq.o
 *fill*         0x0000000020000211        0x3 
 .bss.__malloc_free_list
                0x0000000020000214        0x4 /usr/local/Cellar/arm-none-eabi-gcc/9-2019-q4-major/gcc/bin/../lib/gcc/arm-none-eabi/9.2.1/../../../../arm-none-eabi/lib/thumb/v7e-m+fp/hard/libc_nano.a(lib_a-nano-mallocr.o)
                0x0000000020000214                __malloc_free_list
 .bss.__malloc_sbrk_start
                0x0000000020000218        0x4 /usr/local/Cellar/arm-none-eabi-gcc/9-2019-q4-major/gcc/bin/../lib/gcc/arm-none-eabi/9.2.1/../../../../arm-none-eabi/lib/thumb/v7e-m+fp/hard/libc_nano.a(lib_a-nano-mallocr.o)
                0x0000000020000218                __malloc_sbrk_start
 .bss.heap_end.5507
                0x000000002000021c        0x4 /usr/local/Cellar/arm-none-eabi-gcc/9-2019-q4-major/gcc/bin/../lib/gcc/arm-none-eabi/9.2.1/../../../../arm-none-eabi/lib/thumb/v7e-m+fp/hard/libnosys.a(sbrk.o)
 *(COMMON)
 COMMON         0x0000000020000220      0x1e0 build/main.o
                0x0000000020000220                _digitalLedframe
 COMMON         0x0000000020000400      0x1ed build/DigiLed.o
                0x0000000020000400                _spiHandler
                0x0000000020000404                SpiSendFrame
                0x00000000200005ec                _frameModified
 *fill*         0x00000000200005ed        0x3 
 COMMON         0x00000000200005f0      0x2d0 build/usb_device.o
                0x00000000200005f0                hUsbDeviceFS
 COMMON         0x00000000200008c0      0x200 build/usbd_desc.o
                0x00000000200008c0                USBD_StrDesc
 COMMON         0x0000000020000ac0     0x1000 build/usbd_cdc_if.o
                0x0000000020000ac0                UserRxBufferFS
                0x00000000200012c0                UserTxBufferFS
 COMMON         0x0000000020001ac0      0x408 build/usbd_conf.o
                0x0000000020001ac0                hpcd_USB_OTG_FS
 COMMON         0x0000000020001ec8        0x4 build/stm32f4xx_hal.o
                0x0000000020001ec8                uwTick
 COMMON         0x0000000020001ecc       0xb8 build/spi.o
                0x0000000020001ecc                hspi1
                0x0000000020001f24                hdma_spi1_tx
 COMMON         0x0000000020001f84        0x4 /usr/local/Cellar/arm-none-eabi-gcc/9-2019-q4-major/gcc/bin/../lib/gcc/arm-none-eabi/9.2.1/../../../../arm-none-eabi/lib/thumb/v7e-m+fp/hard/libc_nano.a(lib_a-reent.o)
                0x0000000020001f84                errno
 COMMON         0x0000000020001f88        0x9 /usr/local/Cellar/arm-none-eabi-gcc/9-2019-q4-major/gcc/bin/../lib/gcc/arm-none-eabi/9.2.1/../../../../arm-none-eabi/lib/thumb/v7e-m+fp/hard/libc_nano.a(lib_a-lock.o)
                0x0000000020001f88                __lock___atexit_recursive_mutex
                0x0000000020001f89                __lock___arc4random_mutex
                0x0000000020001f8a                __lock___env_recursive_mutex
                0x0000000020001f8b                __lock___sinit_recursive_mutex
                0x0000000020001f8c                __lock___malloc_recursive_mutex
                0x0000000020001f8d                __lock___at_quick_exit_mutex
                0x0000000020001f8e                __lock___dd_hash_mutex
                0x0000000020001f8f                __lock___tz_mutex
                0x0000000020001f90                __lock___sfp_recursive_mutex
                0x0000000020001f94                . = ALIGN (0x4)
 *fill*         0x0000000020001f91        0x3 
                0x0000000020001f94                _ebss = .
                0x0000000020001f94                __bss_end__ = _ebss

._user_heap_stack
                0x0000000020001f94      0x604 load address 0x0000000008004a4c
                0x0000000020001f98                . = ALIGN (0x8)
 *fill*         0x0000000020001f94        0x4 
                0x0000000020001f98                PROVIDE (end = .)
                [!provide]                        PROVIDE (_end = .)
                0x0000000020002198                . = (. + _Min_Heap_Size)
 *fill*         0x0000000020001f98      0x200 
                0x0000000020002598                . = (. + _Min_Stack_Size)
 *fill*         0x0000000020002198      0x400 
                0x0000000020002598                . = ALIGN (0x8)

/DISCARD/
 libc.a(*)
 libm.a(*)
 libgcc.a(*)

.ARM.attributes
                0x0000000000000000       0x30
 *(.ARM.attributes)
 .ARM.attributes
                0x0000000000000000       0x1e /usr/local/Cellar/arm-none-eabi-gcc/9-2019-q4-major/gcc/bin/../lib/gcc/arm-none-eabi/9.2.1/thumb/v7e-m+fp/hard/crti.o
 .ARM.attributes
                0x000000000000001e       0x34 /usr/local/Cellar/arm-none-eabi-gcc/9-2019-q4-major/gcc/bin/../lib/gcc/arm-none-eabi/9.2.1/thumb/v7e-m+fp/hard/crtbegin.o
 .ARM.attributes
                0x0000000000000052       0x34 build/main.o
 .ARM.attributes
                0x0000000000000086       0x34 build/DigiLed.o
 .ARM.attributes
                0x00000000000000ba       0x34 build/stm32f4xx_it.o
 .ARM.attributes
                0x00000000000000ee       0x34 build/stm32f4xx_hal_msp.o
 .ARM.attributes
                0x0000000000000122       0x34 build/usb_device.o
 .ARM.attributes
                0x0000000000000156       0x34 build/usbd_desc.o
 .ARM.attributes
                0x000000000000018a       0x34 build/usbd_cdc_if.o
 .ARM.attributes
                0x00000000000001be       0x34 build/usbd_conf.o
 .ARM.attributes
                0x00000000000001f2       0x34 build/stm32f4xx_hal_pcd.o
 .ARM.attributes
                0x0000000000000226       0x34 build/stm32f4xx_hal_pcd_ex.o
 .ARM.attributes
                0x000000000000025a       0x34 build/stm32f4xx_ll_usb.o
 .ARM.attributes
                0x000000000000028e       0x34 build/stm32f4xx_hal_rcc.o
 .ARM.attributes
                0x00000000000002c2       0x34 build/stm32f4xx_hal_rcc_ex.o
 .ARM.attributes
                0x00000000000002f6       0x34 build/stm32f4xx_hal_gpio.o
 .ARM.attributes
                0x000000000000032a       0x34 build/stm32f4xx_hal_dma.o
 .ARM.attributes
                0x000000000000035e       0x34 build/stm32f4xx_hal_cortex.o
 .ARM.attributes
                0x0000000000000392       0x34 build/stm32f4xx_hal.o
 .ARM.attributes
                0x00000000000003c6       0x34 build/stm32f4xx_hal_spi.o
 .ARM.attributes
                0x00000000000003fa       0x34 build/system_stm32f4xx.o
 .ARM.attributes
                0x000000000000042e       0x34 build/usbd_core.o
 .ARM.attributes
                0x0000000000000462       0x34 build/usbd_ctlreq.o
 .ARM.attributes
                0x0000000000000496       0x34 build/usbd_ioreq.o
 .ARM.attributes
                0x00000000000004ca       0x34 build/usbd_cdc.o
 .ARM.attributes
                0x00000000000004fe       0x34 build/gpio.o
 .ARM.attributes
                0x0000000000000532       0x34 build/spi.o
 .ARM.attributes
                0x0000000000000566       0x34 build/dma.o
 .ARM.attributes
                0x000000000000059a       0x21 build/startup_stm32f412zx.o
 .ARM.attributes
                0x00000000000005bb       0x32 /usr/local/Cellar/arm-none-eabi-gcc/9-2019-q4-major/gcc/bin/../lib/gcc/arm-none-eabi/9.2.1/../../../../arm-none-eabi/lib/thumb/v7e-m+fp/hard/libc_nano.a(lib_a-impure.o)
 .ARM.attributes
                0x00000000000005ed       0x34 /usr/local/Cellar/arm-none-eabi-gcc/9-2019-q4-major/gcc/bin/../lib/gcc/arm-none-eabi/9.2.1/../../../../arm-none-eabi/lib/thumb/v7e-m+fp/hard/libc_nano.a(lib_a-init.o)
 .ARM.attributes
                0x0000000000000621       0x34 /usr/local/Cellar/arm-none-eabi-gcc/9-2019-q4-major/gcc/bin/../lib/gcc/arm-none-eabi/9.2.1/../../../../arm-none-eabi/lib/thumb/v7e-m+fp/hard/libc_nano.a(lib_a-malloc.o)
 .ARM.attributes
                0x0000000000000655       0x34 /usr/local/Cellar/arm-none-eabi-gcc/9-2019-q4-major/gcc/bin/../lib/gcc/arm-none-eabi/9.2.1/../../../../arm-none-eabi/lib/thumb/v7e-m+fp/hard/libc_nano.a(lib_a-memset.o)
 .ARM.attributes
                0x0000000000000689       0x34 /usr/local/Cellar/arm-none-eabi-gcc/9-2019-q4-major/gcc/bin/../lib/gcc/arm-none-eabi/9.2.1/../../../../arm-none-eabi/lib/thumb/v7e-m+fp/hard/libc_nano.a(lib_a-nano-freer.o)
 .ARM.attributes
                0x00000000000006bd       0x34 /usr/local/Cellar/arm-none-eabi-gcc/9-2019-q4-major/gcc/bin/../lib/gcc/arm-none-eabi/9.2.1/../../../../arm-none-eabi/lib/thumb/v7e-m+fp/hard/libc_nano.a(lib_a-nano-mallocr.o)
 .ARM.attributes
                0x00000000000006f1       0x34 /usr/local/Cellar/arm-none-eabi-gcc/9-2019-q4-major/gcc/bin/../lib/gcc/arm-none-eabi/9.2.1/../../../../arm-none-eabi/lib/thumb/v7e-m+fp/hard/libc_nano.a(lib_a-sbrkr.o)
 .ARM.attributes
                0x0000000000000725       0x34 /usr/local/Cellar/arm-none-eabi-gcc/9-2019-q4-major/gcc/bin/../lib/gcc/arm-none-eabi/9.2.1/../../../../arm-none-eabi/lib/thumb/v7e-m+fp/hard/libc_nano.a(lib_a-mlock.o)
 .ARM.attributes
                0x0000000000000759       0x34 /usr/local/Cellar/arm-none-eabi-gcc/9-2019-q4-major/gcc/bin/../lib/gcc/arm-none-eabi/9.2.1/../../../../arm-none-eabi/lib/thumb/v7e-m+fp/hard/libc_nano.a(lib_a-reent.o)
 .ARM.attributes
                0x000000000000078d       0x34 /usr/local/Cellar/arm-none-eabi-gcc/9-2019-q4-major/gcc/bin/../lib/gcc/arm-none-eabi/9.2.1/../../../../arm-none-eabi/lib/thumb/v7e-m+fp/hard/libc_nano.a(lib_a-lock.o)
 .ARM.attributes
                0x00000000000007c1       0x34 /usr/local/Cellar/arm-none-eabi-gcc/9-2019-q4-major/gcc/bin/../lib/gcc/arm-none-eabi/9.2.1/../../../../arm-none-eabi/lib/thumb/v7e-m+fp/hard/libnosys.a(sbrk.o)
 .ARM.attributes
                0x00000000000007f5       0x1e /usr/local/Cellar/arm-none-eabi-gcc/9-2019-q4-major/gcc/bin/../lib/gcc/arm-none-eabi/9.2.1/thumb/v7e-m+fp/hard/libgcc.a(_aeabi_uldivmod.o)
 .ARM.attributes
                0x0000000000000813       0x34 /usr/local/Cellar/arm-none-eabi-gcc/9-2019-q4-major/gcc/bin/../lib/gcc/arm-none-eabi/9.2.1/thumb/v7e-m+fp/hard/libgcc.a(_udivmoddi4.o)
 .ARM.attributes
                0x0000000000000847       0x1e /usr/local/Cellar/arm-none-eabi-gcc/9-2019-q4-major/gcc/bin/../lib/gcc/arm-none-eabi/9.2.1/thumb/v7e-m+fp/hard/libgcc.a(_dvmd_tls.o)
 .ARM.attributes
                0x0000000000000865       0x1e /usr/local/Cellar/arm-none-eabi-gcc/9-2019-q4-major/gcc/bin/../lib/gcc/arm-none-eabi/9.2.1/thumb/v7e-m+fp/hard/crtn.o
OUTPUT(build/NeopixelLightbar.elf elf32-littlearm)

.debug_info     0x0000000000000000    0x1dd37
 .debug_info    0x0000000000000000     0x193c build/main.o
 .debug_info    0x000000000000193c      0xd0b build/DigiLed.o
 .debug_info    0x0000000000002647      0xb01 build/stm32f4xx_it.o
 .debug_info    0x0000000000003148      0x429 build/stm32f4xx_hal_msp.o
 .debug_info    0x0000000000003571     0x124e build/usb_device.o
 .debug_info    0x00000000000047bf     0x111f build/usbd_desc.o
 .debug_info    0x00000000000058de     0x14c3 build/usbd_cdc_if.o
 .debug_info    0x0000000000006da1     0x2ca0 build/usbd_conf.o
 .debug_info    0x0000000000009a41     0x1d2e build/stm32f4xx_hal_pcd.o
 .debug_info    0x000000000000b76f      0xb98 build/stm32f4xx_hal_pcd_ex.o
 .debug_info    0x000000000000c307     0x2191 build/stm32f4xx_ll_usb.o
 .debug_info    0x000000000000e498      0xc97 build/stm32f4xx_hal_rcc.o
 .debug_info    0x000000000000f12f      0xb80 build/stm32f4xx_hal_rcc_ex.o
 .debug_info    0x000000000000fcaf      0x979 build/stm32f4xx_hal_gpio.o
 .debug_info    0x0000000000010628      0xc8b build/stm32f4xx_hal_dma.o
 .debug_info    0x00000000000112b3     0x122c build/stm32f4xx_hal_cortex.o
 .debug_info    0x00000000000124df      0xb90 build/stm32f4xx_hal.o
 .debug_info    0x000000000001306f     0x2087 build/stm32f4xx_hal_spi.o
 .debug_info    0x00000000000150f6      0x680 build/system_stm32f4xx.o
 .debug_info    0x0000000000015776     0x19a0 build/usbd_core.o
 .debug_info    0x0000000000017116     0x1e58 build/usbd_ctlreq.o
 .debug_info    0x0000000000018f6e     0x137d build/usbd_ioreq.o
 .debug_info    0x000000000001a2eb     0x2031 build/usbd_cdc.o
 .debug_info    0x000000000001c31c      0x6e7 build/gpio.o
 .debug_info    0x000000000001ca03      0xc9f build/spi.o
 .debug_info    0x000000000001d6a2      0x673 build/dma.o
 .debug_info    0x000000000001dd15       0x22 build/startup_stm32f412zx.o

.debug_abbrev   0x0000000000000000     0x4359
 .debug_abbrev  0x0000000000000000      0x2e3 build/main.o
 .debug_abbrev  0x00000000000002e3      0x2fb build/DigiLed.o
 .debug_abbrev  0x00000000000005de      0x1c6 build/stm32f4xx_it.o
 .debug_abbrev  0x00000000000007a4      0x11c build/stm32f4xx_hal_msp.o
 .debug_abbrev  0x00000000000008c0      0x239 build/usb_device.o
 .debug_abbrev  0x0000000000000af9      0x2dd build/usbd_desc.o
 .debug_abbrev  0x0000000000000dd6      0x36c build/usbd_cdc_if.o
 .debug_abbrev  0x0000000000001142      0x34b build/usbd_conf.o
 .debug_abbrev  0x000000000000148d      0x2ef build/stm32f4xx_hal_pcd.o
 .debug_abbrev  0x000000000000177c      0x299 build/stm32f4xx_hal_pcd_ex.o
 .debug_abbrev  0x0000000000001a15      0x335 build/stm32f4xx_ll_usb.o
 .debug_abbrev  0x0000000000001d4a      0x2cd build/stm32f4xx_hal_rcc.o
 .debug_abbrev  0x0000000000002017      0x1f5 build/stm32f4xx_hal_rcc_ex.o
 .debug_abbrev  0x000000000000220c      0x258 build/stm32f4xx_hal_gpio.o
 .debug_abbrev  0x0000000000002464      0x312 build/stm32f4xx_hal_dma.o
 .debug_abbrev  0x0000000000002776      0x3a8 build/stm32f4xx_hal_cortex.o
 .debug_abbrev  0x0000000000002b1e      0x21c build/stm32f4xx_hal.o
 .debug_abbrev  0x0000000000002d3a      0x2d2 build/stm32f4xx_hal_spi.o
 .debug_abbrev  0x000000000000300c      0x14a build/system_stm32f4xx.o
 .debug_abbrev  0x0000000000003156      0x331 build/usbd_core.o
 .debug_abbrev  0x0000000000003487      0x41c build/usbd_ctlreq.o
 .debug_abbrev  0x00000000000038a3      0x23a build/usbd_ioreq.o
 .debug_abbrev  0x0000000000003add      0x39d build/usbd_cdc.o
 .debug_abbrev  0x0000000000003e7a      0x17e build/gpio.o
 .debug_abbrev  0x0000000000003ff8      0x1f9 build/spi.o
 .debug_abbrev  0x00000000000041f1      0x156 build/dma.o
 .debug_abbrev  0x0000000000004347       0x12 build/startup_stm32f412zx.o

.debug_loc      0x0000000000000000     0xe465
 .debug_loc     0x0000000000000000       0x59 build/main.o
 .debug_loc     0x0000000000000059      0x528 build/DigiLed.o
 .debug_loc     0x0000000000000581       0x60 build/stm32f4xx_it.o
 .debug_loc     0x00000000000005e1       0x2c build/stm32f4xx_hal_msp.o
 .debug_loc     0x000000000000060d       0x20 build/usb_device.o
 .debug_loc     0x000000000000062d      0x4a0 build/usbd_desc.o
 .debug_loc     0x0000000000000acd      0x1bc build/usbd_cdc_if.o
 .debug_loc     0x0000000000000c89     0x102f build/usbd_conf.o
 .debug_loc     0x0000000000001cb8     0x1593 build/stm32f4xx_hal_pcd.o
 .debug_loc     0x000000000000324b      0x265 build/stm32f4xx_hal_pcd_ex.o
 .debug_loc     0x00000000000034b0     0x27cc build/stm32f4xx_ll_usb.o
 .debug_loc     0x0000000000005c7c      0x6c7 build/stm32f4xx_hal_rcc.o
 .debug_loc     0x0000000000006343      0xb36 build/stm32f4xx_hal_rcc_ex.o
 .debug_loc     0x0000000000006e79      0x5c7 build/stm32f4xx_hal_gpio.o
 .debug_loc     0x0000000000007440      0xd6d build/stm32f4xx_hal_dma.o
 .debug_loc     0x00000000000081ad      0x7d4 build/stm32f4xx_hal_cortex.o
 .debug_loc     0x0000000000008981      0x1e1 build/stm32f4xx_hal.o
 .debug_loc     0x0000000000008b62     0x2428 build/stm32f4xx_hal_spi.o
 .debug_loc     0x000000000000af8a      0x16c build/system_stm32f4xx.o
 .debug_loc     0x000000000000b0f6      0xbdb build/usbd_core.o
 .debug_loc     0x000000000000bcd1     0x18d0 build/usbd_ctlreq.o
 .debug_loc     0x000000000000d5a1      0x398 build/usbd_ioreq.o
 .debug_loc     0x000000000000d939      0x9c6 build/usbd_cdc.o
 .debug_loc     0x000000000000e2ff       0x39 build/gpio.o
 .debug_loc     0x000000000000e338       0xf5 build/spi.o
 .debug_loc     0x000000000000e42d       0x38 build/dma.o

.debug_aranges  0x0000000000000000      0xe60
 .debug_aranges
                0x0000000000000000       0x30 build/main.o
 .debug_aranges
                0x0000000000000030       0x78 build/DigiLed.o
 .debug_aranges
                0x00000000000000a8       0x70 build/stm32f4xx_it.o
 .debug_aranges
                0x0000000000000118       0x20 build/stm32f4xx_hal_msp.o
 .debug_aranges
                0x0000000000000138       0x20 build/usb_device.o
 .debug_aranges
                0x0000000000000158       0x68 build/usbd_desc.o
 .debug_aranges
                0x00000000000001c0       0x48 build/usbd_cdc_if.o
 .debug_aranges
                0x0000000000000208      0x110 build/usbd_conf.o
 .debug_aranges
                0x0000000000000318      0x138 build/stm32f4xx_hal_pcd.o
 .debug_aranges
                0x0000000000000450       0x60 build/stm32f4xx_hal_pcd_ex.o
 .debug_aranges
                0x00000000000004b0      0x198 build/stm32f4xx_ll_usb.o
 .debug_aranges
                0x0000000000000648       0x88 build/stm32f4xx_hal_rcc.o
 .debug_aranges
                0x00000000000006d0       0x60 build/stm32f4xx_hal_rcc_ex.o
 .debug_aranges
                0x0000000000000730       0x58 build/stm32f4xx_hal_gpio.o
 .debug_aranges
                0x0000000000000788       0x90 build/stm32f4xx_hal_dma.o
 .debug_aranges
                0x0000000000000818       0xa8 build/stm32f4xx_hal_cortex.o
 .debug_aranges
                0x00000000000008c0       0xf0 build/stm32f4xx_hal.o
 .debug_aranges
                0x00000000000009b0      0x1d0 build/stm32f4xx_hal_spi.o
 .debug_aranges
                0x0000000000000b80       0x28 build/system_stm32f4xx.o
 .debug_aranges
                0x0000000000000ba8       0xb8 build/usbd_core.o
 .debug_aranges
                0x0000000000000c60       0x88 build/usbd_ctlreq.o
 .debug_aranges
                0x0000000000000ce8       0x50 build/usbd_ioreq.o
 .debug_aranges
                0x0000000000000d38       0x90 build/usbd_cdc.o
 .debug_aranges
                0x0000000000000dc8       0x20 build/gpio.o
 .debug_aranges
                0x0000000000000de8       0x30 build/spi.o
 .debug_aranges
                0x0000000000000e18       0x20 build/dma.o
 .debug_aranges
                0x0000000000000e38       0x28 build/startup_stm32f412zx.o

.debug_ranges   0x0000000000000000      0xd78
 .debug_ranges  0x0000000000000000       0x20 build/main.o
 .debug_ranges  0x0000000000000020       0x98 build/DigiLed.o
 .debug_ranges  0x00000000000000b8       0x60 build/stm32f4xx_it.o
 .debug_ranges  0x0000000000000118       0x10 build/stm32f4xx_hal_msp.o
 .debug_ranges  0x0000000000000128       0x10 build/usb_device.o
 .debug_ranges  0x0000000000000138       0x58 build/usbd_desc.o
 .debug_ranges  0x0000000000000190       0x38 build/usbd_cdc_if.o
 .debug_ranges  0x00000000000001c8      0x100 build/usbd_conf.o
 .debug_ranges  0x00000000000002c8      0x128 build/stm32f4xx_hal_pcd.o
 .debug_ranges  0x00000000000003f0       0x50 build/stm32f4xx_hal_pcd_ex.o
 .debug_ranges  0x0000000000000440      0x188 build/stm32f4xx_ll_usb.o
 .debug_ranges  0x00000000000005c8       0x90 build/stm32f4xx_hal_rcc.o
 .debug_ranges  0x0000000000000658       0x68 build/stm32f4xx_hal_rcc_ex.o
 .debug_ranges  0x00000000000006c0       0x48 build/stm32f4xx_hal_gpio.o
 .debug_ranges  0x0000000000000708       0x80 build/stm32f4xx_hal_dma.o
 .debug_ranges  0x0000000000000788       0xf8 build/stm32f4xx_hal_cortex.o
 .debug_ranges  0x0000000000000880       0xe0 build/stm32f4xx_hal.o
 .debug_ranges  0x0000000000000960      0x1c0 build/stm32f4xx_hal_spi.o
 .debug_ranges  0x0000000000000b20       0x18 build/system_stm32f4xx.o
 .debug_ranges  0x0000000000000b38       0xa8 build/usbd_core.o
 .debug_ranges  0x0000000000000be0       0x78 build/usbd_ctlreq.o
 .debug_ranges  0x0000000000000c58       0x40 build/usbd_ioreq.o
 .debug_ranges  0x0000000000000c98       0x80 build/usbd_cdc.o
 .debug_ranges  0x0000000000000d18       0x10 build/gpio.o
 .debug_ranges  0x0000000000000d28       0x20 build/spi.o
 .debug_ranges  0x0000000000000d48       0x10 build/dma.o
 .debug_ranges  0x0000000000000d58       0x20 build/startup_stm32f412zx.o

.debug_line     0x0000000000000000     0xeb0b
 .debug_line    0x0000000000000000      0x46d build/main.o
 .debug_line    0x000000000000046d      0x6e1 build/DigiLed.o
 .debug_line    0x0000000000000b4e      0x330 build/stm32f4xx_it.o
 .debug_line    0x0000000000000e7e      0x1d3 build/stm32f4xx_hal_msp.o
 .debug_line    0x0000000000001051      0x392 build/usb_device.o
 .debug_line    0x00000000000013e3      0x505 build/usbd_desc.o
 .debug_line    0x00000000000018e8      0x3e9 build/usbd_cdc_if.o
 .debug_line    0x0000000000001cd1      0x984 build/usbd_conf.o
 .debug_line    0x0000000000002655     0x13f6 build/stm32f4xx_hal_pcd.o
 .debug_line    0x0000000000003a4b      0x4d6 build/stm32f4xx_hal_pcd_ex.o
 .debug_line    0x0000000000003f21     0x1b56 build/stm32f4xx_ll_usb.o
 .debug_line    0x0000000000005a77      0xb42 build/stm32f4xx_hal_rcc.o
 .debug_line    0x00000000000065b9      0xe58 build/stm32f4xx_hal_rcc_ex.o
 .debug_line    0x0000000000007411      0x729 build/stm32f4xx_hal_gpio.o
 .debug_line    0x0000000000007b3a      0xe31 build/stm32f4xx_hal_dma.o
 .debug_line    0x000000000000896b      0x7ac build/stm32f4xx_hal_cortex.o
 .debug_line    0x0000000000009117      0x56f build/stm32f4xx_hal.o
 .debug_line    0x0000000000009686     0x247a build/stm32f4xx_hal_spi.o
 .debug_line    0x000000000000bb00      0x298 build/system_stm32f4xx.o
 .debug_line    0x000000000000bd98      0x94d build/usbd_core.o
 .debug_line    0x000000000000c6e5      0xe3d build/usbd_ctlreq.o
 .debug_line    0x000000000000d522      0x42f build/usbd_ioreq.o
 .debug_line    0x000000000000d951      0x93a build/usbd_cdc.o
 .debug_line    0x000000000000e28b      0x29c build/gpio.o
 .debug_line    0x000000000000e527      0x397 build/spi.o
 .debug_line    0x000000000000e8be      0x1da build/dma.o
 .debug_line    0x000000000000ea98       0x73 build/startup_stm32f412zx.o

.debug_str      0x0000000000000000     0x492e
 .debug_str     0x0000000000000000      0xea5 build/main.o
                                        0xf91 (size before relaxing)
 .debug_str     0x0000000000000ea5      0x153 build/DigiLed.o
                                        0x873 (size before relaxing)
 .debug_str     0x0000000000000ff8      0x475 build/stm32f4xx_it.o
                                        0x969 (size before relaxing)
 .debug_str     0x000000000000146d       0x29 build/stm32f4xx_hal_msp.o
                                        0x3cd (size before relaxing)
 .debug_str     0x0000000000001496      0x40c build/usb_device.o
                                        0xb62 (size before relaxing)
 .debug_str     0x00000000000018a2      0x1ab build/usbd_desc.o
                                        0x95b (size before relaxing)
 .debug_str     0x0000000000001a4d      0x148 build/usbd_cdc_if.o
                                        0xc4c (size before relaxing)
 .debug_str     0x0000000000001b95      0xb2e build/usbd_conf.o
                                       0x1ae0 (size before relaxing)
 .debug_str     0x00000000000026c3      0x574 build/stm32f4xx_hal_pcd.o
                                        0xe8f (size before relaxing)
 .debug_str     0x0000000000002c37      0x16e build/stm32f4xx_hal_pcd_ex.o
                                        0x8ab (size before relaxing)
 .debug_str     0x0000000000002da5      0x40e build/stm32f4xx_ll_usb.o
                                        0xd51 (size before relaxing)
 .debug_str     0x00000000000031b3      0x1bd build/stm32f4xx_hal_rcc.o
                                        0x7c3 (size before relaxing)
 .debug_str     0x0000000000003370      0x119 build/stm32f4xx_hal_rcc_ex.o
                                        0x788 (size before relaxing)
 .debug_str     0x0000000000003489      0x111 build/stm32f4xx_hal_gpio.o
                                        0x5e6 (size before relaxing)
 .debug_str     0x000000000000359a      0x2fd build/stm32f4xx_hal_dma.o
                                        0x842 (size before relaxing)
 .debug_str     0x0000000000003897      0x477 build/stm32f4xx_hal_cortex.o
                                        0xcd0 (size before relaxing)
 .debug_str     0x0000000000003d0e      0x21f build/stm32f4xx_hal.o
                                        0xbb5 (size before relaxing)
 .debug_str     0x0000000000003f2d      0x529 build/stm32f4xx_hal_spi.o
                                        0xca5 (size before relaxing)
 .debug_str     0x0000000000004456       0x47 build/system_stm32f4xx.o
                                        0x449 (size before relaxing)
 .debug_str     0x000000000000449d      0x13e build/usbd_core.o
                                        0xd40 (size before relaxing)
 .debug_str     0x00000000000045db      0x109 build/usbd_ctlreq.o
                                        0xc92 (size before relaxing)
 .debug_str     0x00000000000046e4       0x60 build/usbd_ioreq.o
                                        0xb87 (size before relaxing)
 .debug_str     0x0000000000004744      0x18e build/usbd_cdc.o
                                       0x1188 (size before relaxing)
 .debug_str     0x00000000000048d2       0x10 build/gpio.o
                                        0x47e (size before relaxing)
 .debug_str     0x00000000000048e2       0x19 build/spi.o
                                        0x91e (size before relaxing)
 .debug_str     0x00000000000048fb        0xf build/dma.o
                                        0x8af (size before relaxing)
 .debug_str     0x000000000000490a       0x24 build/startup_stm32f412zx.o
                                         0x58 (size before relaxing)

.comment        0x0000000000000000       0x79
 .comment       0x0000000000000000       0x79 build/main.o
                                         0x7a (size before relaxing)
 .comment       0x0000000000000079       0x7a build/DigiLed.o
 .comment       0x0000000000000079       0x7a build/stm32f4xx_it.o
 .comment       0x0000000000000079       0x7a build/stm32f4xx_hal_msp.o
 .comment       0x0000000000000079       0x7a build/usb_device.o
 .comment       0x0000000000000079       0x7a build/usbd_desc.o
 .comment       0x0000000000000079       0x7a build/usbd_cdc_if.o
 .comment       0x0000000000000079       0x7a build/usbd_conf.o
 .comment       0x0000000000000079       0x7a build/stm32f4xx_hal_pcd.o
 .comment       0x0000000000000079       0x7a build/stm32f4xx_hal_pcd_ex.o
 .comment       0x0000000000000079       0x7a build/stm32f4xx_ll_usb.o
 .comment       0x0000000000000079       0x7a build/stm32f4xx_hal_rcc.o
 .comment       0x0000000000000079       0x7a build/stm32f4xx_hal_rcc_ex.o
 .comment       0x0000000000000079       0x7a build/stm32f4xx_hal_gpio.o
 .comment       0x0000000000000079       0x7a build/stm32f4xx_hal_dma.o
 .comment       0x0000000000000079       0x7a build/stm32f4xx_hal_cortex.o
 .comment       0x0000000000000079       0x7a build/stm32f4xx_hal.o
 .comment       0x0000000000000079       0x7a build/stm32f4xx_hal_spi.o
 .comment       0x0000000000000079       0x7a build/system_stm32f4xx.o
 .comment       0x0000000000000079       0x7a build/usbd_core.o
 .comment       0x0000000000000079       0x7a build/usbd_ctlreq.o
 .comment       0x0000000000000079       0x7a build/usbd_ioreq.o
 .comment       0x0000000000000079       0x7a build/usbd_cdc.o
 .comment       0x0000000000000079       0x7a build/gpio.o
 .comment       0x0000000000000079       0x7a build/spi.o
 .comment       0x0000000000000079       0x7a build/dma.o

.debug_frame    0x0000000000000000     0x2a74
 .debug_frame   0x0000000000000000       0x60 build/main.o
 .debug_frame   0x0000000000000060      0x168 build/DigiLed.o
 .debug_frame   0x00000000000001c8       0xe4 build/stm32f4xx_it.o
 .debug_frame   0x00000000000002ac       0x28 build/stm32f4xx_hal_msp.o
 .debug_frame   0x00000000000002d4       0x2c build/usb_device.o
 .debug_frame   0x0000000000000300      0x10c build/usbd_desc.o
 .debug_frame   0x000000000000040c       0x94 build/usbd_cdc_if.o
 .debug_frame   0x00000000000004a0      0x36c build/usbd_conf.o
 .debug_frame   0x000000000000080c      0x3d4 build/stm32f4xx_hal_pcd.o
 .debug_frame   0x0000000000000be0       0xc0 build/stm32f4xx_hal_pcd_ex.o
 .debug_frame   0x0000000000000ca0      0x4f8 build/stm32f4xx_ll_usb.o
 .debug_frame   0x0000000000001198      0x1ac build/stm32f4xx_hal_rcc.o
 .debug_frame   0x0000000000001344      0x100 build/stm32f4xx_hal_rcc_ex.o
 .debug_frame   0x0000000000001444       0xf0 build/stm32f4xx_hal_gpio.o
 .debug_frame   0x0000000000001534      0x1b8 build/stm32f4xx_hal_dma.o
 .debug_frame   0x00000000000016ec      0x16c build/stm32f4xx_hal_cortex.o
 .debug_frame   0x0000000000001858      0x200 build/stm32f4xx_hal.o
 .debug_frame   0x0000000000001a58      0x630 build/stm32f4xx_hal_spi.o
 .debug_frame   0x0000000000002088       0x30 build/system_stm32f4xx.o
 .debug_frame   0x00000000000020b8      0x208 build/usbd_core.o
 .debug_frame   0x00000000000022c0      0x1b8 build/usbd_ctlreq.o
 .debug_frame   0x0000000000002478       0xd4 build/usbd_ioreq.o
 .debug_frame   0x000000000000254c      0x184 build/usbd_cdc.o
 .debug_frame   0x00000000000026d0       0x3c build/gpio.o
 .debug_frame   0x000000000000270c       0x70 build/spi.o
 .debug_frame   0x000000000000277c       0x2c build/dma.o
 .debug_frame   0x00000000000027a8       0x2c /usr/local/Cellar/arm-none-eabi-gcc/9-2019-q4-major/gcc/bin/../lib/gcc/arm-none-eabi/9.2.1/../../../../arm-none-eabi/lib/thumb/v7e-m+fp/hard/libc_nano.a(lib_a-init.o)
 .debug_frame   0x00000000000027d4       0x30 /usr/local/Cellar/arm-none-eabi-gcc/9-2019-q4-major/gcc/bin/../lib/gcc/arm-none-eabi/9.2.1/../../../../arm-none-eabi/lib/thumb/v7e-m+fp/hard/libc_nano.a(lib_a-malloc.o)
 .debug_frame   0x0000000000002804       0x20 /usr/local/Cellar/arm-none-eabi-gcc/9-2019-q4-major/gcc/bin/../lib/gcc/arm-none-eabi/9.2.1/../../../../arm-none-eabi/lib/thumb/v7e-m+fp/hard/libc_nano.a(lib_a-memset.o)
 .debug_frame   0x0000000000002824       0x38 /usr/local/Cellar/arm-none-eabi-gcc/9-2019-q4-major/gcc/bin/../lib/gcc/arm-none-eabi/9.2.1/../../../../arm-none-eabi/lib/thumb/v7e-m+fp/hard/libc_nano.a(lib_a-nano-freer.o)
 .debug_frame   0x000000000000285c       0x30 /usr/local/Cellar/arm-none-eabi-gcc/9-2019-q4-major/gcc/bin/../lib/gcc/arm-none-eabi/9.2.1/../../../../arm-none-eabi/lib/thumb/v7e-m+fp/hard/libc_nano.a(lib_a-nano-mallocr.o)
 .debug_frame   0x000000000000288c       0x2c /usr/local/Cellar/arm-none-eabi-gcc/9-2019-q4-major/gcc/bin/../lib/gcc/arm-none-eabi/9.2.1/../../../../arm-none-eabi/lib/thumb/v7e-m+fp/hard/libc_nano.a(lib_a-sbrkr.o)
 .debug_frame   0x00000000000028b8       0x30 /usr/local/Cellar/arm-none-eabi-gcc/9-2019-q4-major/gcc/bin/../lib/gcc/arm-none-eabi/9.2.1/../../../../arm-none-eabi/lib/thumb/v7e-m+fp/hard/libc_nano.a(lib_a-mlock.o)
 .debug_frame   0x00000000000028e8       0x5c /usr/local/Cellar/arm-none-eabi-gcc/9-2019-q4-major/gcc/bin/../lib/gcc/arm-none-eabi/9.2.1/../../../../arm-none-eabi/lib/thumb/v7e-m+fp/hard/libc_nano.a(lib_a-reent.o)
 .debug_frame   0x0000000000002944       0xb0 /usr/local/Cellar/arm-none-eabi-gcc/9-2019-q4-major/gcc/bin/../lib/gcc/arm-none-eabi/9.2.1/../../../../arm-none-eabi/lib/thumb/v7e-m+fp/hard/libc_nano.a(lib_a-lock.o)
 .debug_frame   0x00000000000029f4       0x20 /usr/local/Cellar/arm-none-eabi-gcc/9-2019-q4-major/gcc/bin/../lib/gcc/arm-none-eabi/9.2.1/../../../../arm-none-eabi/lib/thumb/v7e-m+fp/hard/libnosys.a(sbrk.o)
 .debug_frame   0x0000000000002a14       0x2c /usr/local/Cellar/arm-none-eabi-gcc/9-2019-q4-major/gcc/bin/../lib/gcc/arm-none-eabi/9.2.1/thumb/v7e-m+fp/hard/libgcc.a(_aeabi_uldivmod.o)
 .debug_frame   0x0000000000002a40       0x34 /usr/local/Cellar/arm-none-eabi-gcc/9-2019-q4-major/gcc/bin/../lib/gcc/arm-none-eabi/9.2.1/thumb/v7e-m+fp/hard/libgcc.a(_udivmoddi4.o)

Cross Reference Table

Symbol                                            File
ADC_IRQHandler                                    build/startup_stm32f412zx.o
AHBPrescTable                                     build/system_stm32f4xx.o
                                                  build/stm32f4xx_hal_rcc.o
APBPrescTable                                     build/system_stm32f4xx.o
                                                  build/stm32f4xx_hal_rcc.o
BusFault_Handler                                  build/stm32f4xx_it.o
CAN1_RX0_IRQHandler                               build/startup_stm32f412zx.o
CAN1_RX1_IRQHandler                               build/startup_stm32f412zx.o
CAN1_SCE_IRQHandler                               build/startup_stm32f412zx.o
CAN1_TX_IRQHandler                                build/startup_stm32f412zx.o
CAN2_RX0_IRQHandler                               build/startup_stm32f412zx.o
CAN2_RX1_IRQHandler                               build/startup_stm32f412zx.o
CAN2_SCE_IRQHandler                               build/startup_stm32f412zx.o
CAN2_TX_IRQHandler                                build/startup_stm32f412zx.o
CDC_Transmit_FS                                   build/usbd_cdc_if.o
DFSDM1_FLT0_IRQHandler                            build/startup_stm32f412zx.o
DFSDM1_FLT1_IRQHandler                            build/startup_stm32f412zx.o
DMA1_Stream0_IRQHandler                           build/startup_stm32f412zx.o
DMA1_Stream1_IRQHandler                           build/startup_stm32f412zx.o
DMA1_Stream2_IRQHandler                           build/startup_stm32f412zx.o
DMA1_Stream3_IRQHandler                           build/startup_stm32f412zx.o
DMA1_Stream4_IRQHandler                           build/startup_stm32f412zx.o
DMA1_Stream5_IRQHandler                           build/startup_stm32f412zx.o
DMA1_Stream6_IRQHandler                           build/startup_stm32f412zx.o
DMA1_Stream7_IRQHandler                           build/startup_stm32f412zx.o
DMA2_Stream0_IRQHandler                           build/startup_stm32f412zx.o
DMA2_Stream1_IRQHandler                           build/startup_stm32f412zx.o
DMA2_Stream2_IRQHandler                           build/stm32f4xx_it.o
DMA2_Stream3_IRQHandler                           build/startup_stm32f412zx.o
DMA2_Stream4_IRQHandler                           build/startup_stm32f412zx.o
DMA2_Stream5_IRQHandler                           build/startup_stm32f412zx.o
DMA2_Stream6_IRQHandler                           build/startup_stm32f412zx.o
DMA2_Stream7_IRQHandler                           build/startup_stm32f412zx.o
DebugMon_Handler                                  build/stm32f4xx_it.o
Default_Handler                                   build/startup_stm32f412zx.o
DigiLed_TestPosition                              build/DigiLed.o
DigiLed_getFrameSize                              build/DigiLed.o
DigiLed_init                                      build/DigiLed.o
                                                  build/main.o
DigiLed_setAllColor                               build/DigiLed.o
                                                  build/main.o
DigiLed_setAllIllumination                        build/DigiLed.o
DigiLed_setAllRGB                                 build/DigiLed.o
DigiLed_setColor                                  build/DigiLed.o
DigiLed_setLedIllumination                        build/DigiLed.o
DigiLed_setLedOff                                 build/DigiLed.o
DigiLed_setLedOn                                  build/DigiLed.o
DigiLed_setRGB                                    build/DigiLed.o
DigiLed_update                                    build/DigiLed.o
EXTI0_IRQHandler                                  build/startup_stm32f412zx.o
EXTI15_10_IRQHandler                              build/startup_stm32f412zx.o
EXTI1_IRQHandler                                  build/startup_stm32f412zx.o
EXTI2_IRQHandler                                  build/startup_stm32f412zx.o
EXTI3_IRQHandler                                  build/startup_stm32f412zx.o
EXTI4_IRQHandler                                  build/startup_stm32f412zx.o
EXTI9_5_IRQHandler                                build/startup_stm32f412zx.o
Error_Handler                                     build/main.o
                                                  build/spi.o
                                                  build/usbd_conf.o
                                                  build/usb_device.o
FLASH_Erase_Sector                                build/stm32f4xx_hal_flash_ex.o
                                                  build/stm32f4xx_hal_flash.o
FLASH_FlushCaches                                 build/stm32f4xx_hal_flash_ex.o
                                                  build/stm32f4xx_hal_flash.o
FLASH_IRQHandler                                  build/startup_stm32f412zx.o
FLASH_WaitForLastOperation                        build/stm32f4xx_hal_flash.o
                                                  build/stm32f4xx_hal_flash_ex.o
FMPI2C1_ER_IRQHandler                             build/startup_stm32f412zx.o
FMPI2C1_EV_IRQHandler                             build/startup_stm32f412zx.o
FPU_IRQHandler                                    build/startup_stm32f412zx.o
FS_Desc                                           build/usbd_desc.o
                                                  build/usb_device.o
HAL_DBGMCU_DisableDBGSleepMode                    build/stm32f4xx_hal.o
HAL_DBGMCU_DisableDBGStandbyMode                  build/stm32f4xx_hal.o
HAL_DBGMCU_DisableDBGStopMode                     build/stm32f4xx_hal.o
HAL_DBGMCU_EnableDBGSleepMode                     build/stm32f4xx_hal.o
HAL_DBGMCU_EnableDBGStandbyMode                   build/stm32f4xx_hal.o
HAL_DBGMCU_EnableDBGStopMode                      build/stm32f4xx_hal.o
HAL_DMAEx_ChangeMemory                            build/stm32f4xx_hal_dma_ex.o
HAL_DMAEx_MultiBufferStart                        build/stm32f4xx_hal_dma_ex.o
HAL_DMAEx_MultiBufferStart_IT                     build/stm32f4xx_hal_dma_ex.o
HAL_DMA_Abort                                     build/stm32f4xx_hal_dma.o
                                                  build/stm32f4xx_hal_spi.o
HAL_DMA_Abort_IT                                  build/stm32f4xx_hal_dma.o
                                                  build/stm32f4xx_hal_spi.o
HAL_DMA_DeInit                                    build/stm32f4xx_hal_dma.o
                                                  build/spi.o
HAL_DMA_GetError                                  build/stm32f4xx_hal_dma.o
HAL_DMA_GetState                                  build/stm32f4xx_hal_dma.o
HAL_DMA_IRQHandler                                build/stm32f4xx_hal_dma.o
                                                  build/stm32f4xx_it.o
HAL_DMA_Init                                      build/stm32f4xx_hal_dma.o
                                                  build/spi.o
HAL_DMA_PollForTransfer                           build/stm32f4xx_hal_dma.o
HAL_DMA_RegisterCallback                          build/stm32f4xx_hal_dma.o
HAL_DMA_Start                                     build/stm32f4xx_hal_dma.o
HAL_DMA_Start_IT                                  build/stm32f4xx_hal_dma.o
                                                  build/stm32f4xx_hal_spi.o
HAL_DMA_UnRegisterCallback                        build/stm32f4xx_hal_dma.o
HAL_DeInit                                        build/stm32f4xx_hal.o
HAL_Delay                                         build/stm32f4xx_hal.o
                                                  build/stm32f4xx_ll_usb.o
                                                  build/stm32f4xx_hal_pcd_ex.o
                                                  build/usbd_conf.o
HAL_DisableCompensationCell                       build/stm32f4xx_hal.o
HAL_EXTI_ClearConfigLine                          build/stm32f4xx_hal_exti.o
HAL_EXTI_ClearPending                             build/stm32f4xx_hal_exti.o
HAL_EXTI_GenerateSWI                              build/stm32f4xx_hal_exti.o
HAL_EXTI_GetConfigLine                            build/stm32f4xx_hal_exti.o
HAL_EXTI_GetHandle                                build/stm32f4xx_hal_exti.o
HAL_EXTI_GetPending                               build/stm32f4xx_hal_exti.o
HAL_EXTI_IRQHandler                               build/stm32f4xx_hal_exti.o
HAL_EXTI_RegisterCallback                         build/stm32f4xx_hal_exti.o
HAL_EXTI_SetConfigLine                            build/stm32f4xx_hal_exti.o
HAL_EnableCompensationCell                        build/stm32f4xx_hal.o
HAL_FLASHEx_AdvOBGetConfig                        build/stm32f4xx_hal_flash_ex.o
HAL_FLASHEx_AdvOBProgram                          build/stm32f4xx_hal_flash_ex.o
HAL_FLASHEx_DisableFlashSleepMode                 build/stm32f4xx_hal_flash_ramfunc.o
HAL_FLASHEx_EnableFlashSleepMode                  build/stm32f4xx_hal_flash_ramfunc.o
HAL_FLASHEx_Erase                                 build/stm32f4xx_hal_flash_ex.o
HAL_FLASHEx_Erase_IT                              build/stm32f4xx_hal_flash_ex.o
HAL_FLASHEx_OBGetConfig                           build/stm32f4xx_hal_flash_ex.o
HAL_FLASHEx_OBProgram                             build/stm32f4xx_hal_flash_ex.o
HAL_FLASHEx_OB_DeSelectPCROP                      build/stm32f4xx_hal_flash_ex.o
HAL_FLASHEx_OB_SelectPCROP                        build/stm32f4xx_hal_flash_ex.o
HAL_FLASHEx_StartFlashInterfaceClk                build/stm32f4xx_hal_flash_ramfunc.o
HAL_FLASHEx_StopFlashInterfaceClk                 build/stm32f4xx_hal_flash_ramfunc.o
HAL_FLASH_EndOfOperationCallback                  build/stm32f4xx_hal_flash.o
HAL_FLASH_GetError                                build/stm32f4xx_hal_flash.o
HAL_FLASH_IRQHandler                              build/stm32f4xx_hal_flash.o
HAL_FLASH_Lock                                    build/stm32f4xx_hal_flash.o
HAL_FLASH_OB_Launch                               build/stm32f4xx_hal_flash.o
HAL_FLASH_OB_Lock                                 build/stm32f4xx_hal_flash.o
HAL_FLASH_OB_Unlock                               build/stm32f4xx_hal_flash.o
HAL_FLASH_OperationErrorCallback                  build/stm32f4xx_hal_flash.o
HAL_FLASH_Program                                 build/stm32f4xx_hal_flash.o
HAL_FLASH_Program_IT                              build/stm32f4xx_hal_flash.o
HAL_FLASH_Unlock                                  build/stm32f4xx_hal_flash.o
HAL_GPIO_DeInit                                   build/stm32f4xx_hal_gpio.o
                                                  build/spi.o
                                                  build/usbd_conf.o
HAL_GPIO_EXTI_Callback                            build/usbd_conf.o
HAL_GPIO_EXTI_IRQHandler                          build/stm32f4xx_hal_gpio.o
HAL_GPIO_Init                                     build/stm32f4xx_hal_gpio.o
                                                  build/spi.o
                                                  build/gpio.o
                                                  build/stm32f4xx_hal_rcc.o
                                                  build/usbd_conf.o
HAL_GPIO_LockPin                                  build/stm32f4xx_hal_gpio.o
HAL_GPIO_ReadPin                                  build/stm32f4xx_hal_gpio.o
HAL_GPIO_TogglePin                                build/stm32f4xx_hal_gpio.o
HAL_GPIO_WritePin                                 build/stm32f4xx_hal_gpio.o
                                                  build/gpio.o
HAL_GetDEVID                                      build/stm32f4xx_hal.o
HAL_GetHalVersion                                 build/stm32f4xx_hal.o
HAL_GetREVID                                      build/stm32f4xx_hal.o
HAL_GetTick                                       build/stm32f4xx_hal.o
                                                  build/stm32f4xx_hal_spi.o